SQL> /

     EMPNO ENAME      JOB              MGR HIREDATE        SAL       COMM       
---------- ---------- --------- ---------- -------- ---------- ----------       
    DEPTNO                                                                      
----------                                                                      
      7369 SMITH      CLERK           7902 80/12/17        800                  
        20                                                                      
                                                                                
      7499 ALLEN      SALESMAN        7698 81/02/20       1600        300       
        30                                                                      
                                                                                
      7521 WARD       SALESMAN        7698 81/02/22       1250        500       
        30                                                                      
                                                                                

     EMPNO ENAME      JOB              MGR HIREDATE        SAL       COMM       
---------- ---------- --------- ---------- -------- ---------- ----------       
    DEPTNO                                                                      
----------                                                                      
      7566 JONES      MANAGER         7839 81/04/02       2975                  
        20                                                                      
                                                                                
      7654 MARTIN     SALESMAN        7698 81/09/28       1250       1400       
        30                                                                      
                                                                                
      7698 BLAKE      MANAGER         7839 81/05/01       2850                  
        30                                                                      
                                                                                

     EMPNO ENAME      JOB              MGR HIREDATE        SAL       COMM       
---------- ---------- --------- ---------- -------- ---------- ----------       
    DEPTNO                                                                      
----------                                                                      
      7782 CLARK      MANAGER         7839 81/06/09       2450                  
        10                                                                      
                                                                                
      7788 SCOTT      ANALYST         7566 87/04/19       3000                  
        20                                                                      
                                                                                
      7839 KING       PRESIDENT            81/11/17       5000                  
        10                                                                      
                                                                                

     EMPNO ENAME      JOB              MGR HIREDATE        SAL       COMM       
---------- ---------- --------- ---------- -------- ---------- ----------       
    DEPTNO                                                                      
----------                                                                      
      7844 TURNER     SALESMAN        7698 81/09/08       1500          0       
        30                                                                      
                                                                                
      7876 ADAMS      CLERK           7788 87/05/23       1100                  
        20                                                                      
                                                                                
      7900 JAMES      CLERK           7698 81/12/03        950                  
        30                                                                      
                                                                                

     EMPNO ENAME      JOB              MGR HIREDATE        SAL       COMM       
---------- ---------- --------- ---------- -------- ---------- ----------       
    DEPTNO                                                                      
----------                                                                      
      7902 FORD       ANALYST         7566 81/12/03       3000                  
        20                                                                      
                                                                                
      7934 MILLER     CLERK           7782 82/01/23       1300                  
        10                                                                      
                                                                                

14 개의 행이 선택되었습니다.

SQL> /

     EMPNO ENAME      JOB              MGR HIREDATE        SAL       COMM       
---------- ---------- --------- ---------- -------- ---------- ----------       
    DEPTNO                                                                      
----------                                                                      
      7369 SMITH      CLERK           7902 80/12/17        800                  
        20                                                                      
                                                                                
      7499 ALLEN      SALESMAN        7698 81/02/20       1600        300       
        30                                                                      
                                                                                
      7521 WARD       SALESMAN        7698 81/02/22       1250        500       
        30                                                                      
                                                                                

     EMPNO ENAME      JOB              MGR HIREDATE        SAL       COMM       
---------- ---------- --------- ---------- -------- ---------- ----------       
    DEPTNO                                                                      
----------                                                                      
      7566 JONES      MANAGER         7839 81/04/02       2975                  
        20                                                                      
                                                                                
      7654 MARTIN     SALESMAN        7698 81/09/28       1250       1400       
        30                                                                      
                                                                                
      7698 BLAKE      MANAGER         7839 81/05/01       2850                  
        30                                                                      
                                                                                

     EMPNO ENAME      JOB              MGR HIREDATE        SAL       COMM       
---------- ---------- --------- ---------- -------- ---------- ----------       
    DEPTNO                                                                      
----------                                                                      
      7782 CLARK      MANAGER         7839 81/06/09       2450                  
        10                                                                      
                                                                                
      7788 SCOTT      ANALYST         7566 87/04/19       3000                  
        20                                                                      
                                                                                
      7839 KING       PRESIDENT            81/11/17       5000                  
        10                                                                      
                                                                                

     EMPNO ENAME      JOB              MGR HIREDATE        SAL       COMM       
---------- ---------- --------- ---------- -------- ---------- ----------       
    DEPTNO                                                                      
----------                                                                      
      7844 TURNER     SALESMAN        7698 81/09/08       1500          0       
        30                                                                      
                                                                                
      7876 ADAMS      CLERK           7788 87/05/23       1100                  
        20                                                                      
                                                                                
      7900 JAMES      CLERK           7698 81/12/03        950                  
        30                                                                      
                                                                                

     EMPNO ENAME      JOB              MGR HIREDATE        SAL       COMM       
---------- ---------- --------- ---------- -------- ---------- ----------       
    DEPTNO                                                                      
----------                                                                      
      7902 FORD       ANALYST         7566 81/12/03       3000                  
        20                                                                      
                                                                                
      7934 MILLER     CLERK           7782 82/01/23       1300                  
        10                                                                      
                                                                                

14 개의 행이 선택되었습니다.

SQL> /

     EMPNO ENAME      JOB              MGR HIREDATE        SAL       COMM       
---------- ---------- --------- ---------- -------- ---------- ----------       
    DEPTNO                                                                      
----------                                                                      
      7369 SMITH      CLERK           7902 80/12/17        800                  
        20                                                                      
                                                                                
      7499 ALLEN      SALESMAN        7698 81/02/20       1600        300       
        30                                                                      
                                                                                
      7521 WARD       SALESMAN        7698 81/02/22       1250        500       
        30                                                                      
                                                                                

     EMPNO ENAME      JOB              MGR HIREDATE        SAL       COMM       
---------- ---------- --------- ---------- -------- ---------- ----------       
    DEPTNO                                                                      
----------                                                                      
      7566 JONES      MANAGER         7839 81/04/02       2975                  
        20                                                                      
                                                                                
      7654 MARTIN     SALESMAN        7698 81/09/28       1250       1400       
        30                                                                      
                                                                                
      7698 BLAKE      MANAGER         7839 81/05/01       2850                  
        30                                                                      
                                                                                

     EMPNO ENAME      JOB              MGR HIREDATE        SAL       COMM       
---------- ---------- --------- ---------- -------- ---------- ----------       
    DEPTNO                                                                      
----------                                                                      
      7782 CLARK      MANAGER         7839 81/06/09       2450                  
        10                                                                      
                                                                                
      7788 SCOTT      ANALYST         7566 87/04/19       3000                  
        20                                                                      
                                                                                
      7839 KING       PRESIDENT            81/11/17       5000                  
        10                                                                      
                                                                                

     EMPNO ENAME      JOB              MGR HIREDATE        SAL       COMM       
---------- ---------- --------- ---------- -------- ---------- ----------       
    DEPTNO                                                                      
----------                                                                      
      7844 TURNER     SALESMAN        7698 81/09/08       1500          0       
        30                                                                      
                                                                                
      7876 ADAMS      CLERK           7788 87/05/23       1100                  
        20                                                                      
                                                                                
      7900 JAMES      CLERK           7698 81/12/03        950                  
        30                                                                      
                                                                                

     EMPNO ENAME      JOB              MGR HIREDATE        SAL       COMM       
---------- ---------- --------- ---------- -------- ---------- ----------       
    DEPTNO                                                                      
----------                                                                      
      7902 FORD       ANALYST         7566 81/12/03       3000                  
        20                                                                      
                                                                                
      7934 MILLER     CLERK           7782 82/01/23       1300                  
        10                                                                      
                                                                                

14 개의 행이 선택되었습니다.

SQL> /

     EMPNO ENAME      JOB              MGR HIREDATE        SAL       COMM       
---------- ---------- --------- ---------- -------- ---------- ----------       
    DEPTNO                                                                      
----------                                                                      
      7369 SMITH      CLERK           7902 80/12/17        800                  
        20                                                                      
                                                                                
      7499 ALLEN      SALESMAN        7698 81/02/20       1600        300       
        30                                                                      
                                                                                
      7521 WARD       SALESMAN        7698 81/02/22       1250        500       
        30                                                                      
                                                                                

     EMPNO ENAME      JOB              MGR HIREDATE        SAL       COMM       
---------- ---------- --------- ---------- -------- ---------- ----------       
    DEPTNO                                                                      
----------                                                                      
      7566 JONES      MANAGER         7839 81/04/02       2975                  
        20                                                                      
                                                                                
      7654 MARTIN     SALESMAN        7698 81/09/28       1250       1400       
        30                                                                      
                                                                                
      7698 BLAKE      MANAGER         7839 81/05/01       2850                  
        30                                                                      
                                                                                

     EMPNO ENAME      JOB              MGR HIREDATE        SAL       COMM       
---------- ---------- --------- ---------- -------- ---------- ----------       
    DEPTNO                                                                      
----------                                                                      
      7782 CLARK      MANAGER         7839 81/06/09       2450                  
        10                                                                      
                                                                                
      7788 SCOTT      ANALYST         7566 87/04/19       3000                  
        20                                                                      
                                                                                
      7839 KING       PRESIDENT            81/11/17       5000                  
        10                                                                      
                                                                                

     EMPNO ENAME      JOB              MGR HIREDATE        SAL       COMM       
---------- ---------- --------- ---------- -------- ---------- ----------       
    DEPTNO                                                                      
----------                                                                      
      7844 TURNER     SALESMAN        7698 81/09/08       1500          0       
        30                                                                      
                                                                                
      7876 ADAMS      CLERK           7788 87/05/23       1100                  
        20                                                                      
                                                                                
      7900 JAMES      CLERK           7698 81/12/03        950                  
        30                                                                      
                                                                                

     EMPNO ENAME      JOB              MGR HIREDATE        SAL       COMM       
---------- ---------- --------- ---------- -------- ---------- ----------       
    DEPTNO                                                                      
----------                                                                      
      7902 FORD       ANALYST         7566 81/12/03       3000                  
        20                                                                      
                                                                                
      7934 MILLER     CLERK           7782 82/01/23       1300                  
        10                                                                      
                                                                                

14 개의 행이 선택되었습니다.

SQL> /

     EMPNO ENAME      JOB              MGR HIREDATE        SAL       COMM       
---------- ---------- --------- ---------- -------- ---------- ----------       
    DEPTNO                                                                      
----------                                                                      
      7369 SMITH      CLERK           7902 80/12/17        800                  
        20                                                                      
                                                                                
      7499 ALLEN      SALESMAN        7698 81/02/20       1600        300       
        30                                                                      
                                                                                
      7521 WARD       SALESMAN        7698 81/02/22       1250        500       
        30                                                                      
                                                                                

     EMPNO ENAME      JOB              MGR HIREDATE        SAL       COMM       
---------- ---------- --------- ---------- -------- ---------- ----------       
    DEPTNO                                                                      
----------                                                                      
      7566 JONES      MANAGER         7839 81/04/02       2975                  
        20                                                                      
                                                                                
      7654 MARTIN     SALESMAN        7698 81/09/28       1250       1400       
        30                                                                      
                                                                                
      7698 BLAKE      MANAGER         7839 81/05/01       2850                  
        30                                                                      
                                                                                

     EMPNO ENAME      JOB              MGR HIREDATE        SAL       COMM       
---------- ---------- --------- ---------- -------- ---------- ----------       
    DEPTNO                                                                      
----------                                                                      
      7782 CLARK      MANAGER         7839 81/06/09       2450                  
        10                                                                      
                                                                                
      7788 SCOTT      ANALYST         7566 87/04/19       3000                  
        20                                                                      
                                                                                
      7839 KING       PRESIDENT            81/11/17       5000                  
        10                                                                      
                                                                                

     EMPNO ENAME      JOB              MGR HIREDATE        SAL       COMM       
---------- ---------- --------- ---------- -------- ---------- ----------       
    DEPTNO                                                                      
----------                                                                      
      7844 TURNER     SALESMAN        7698 81/09/08       1500          0       
        30                                                                      
                                                                                
      7876 ADAMS      CLERK           7788 87/05/23       1100                  
        20                                                                      
                                                                                
      7900 JAMES      CLERK           7698 81/12/03        950                  
        30                                                                      
                                                                                

     EMPNO ENAME      JOB              MGR HIREDATE        SAL       COMM       
---------- ---------- --------- ---------- -------- ---------- ----------       
    DEPTNO                                                                      
----------                                                                      
      7902 FORD       ANALYST         7566 81/12/03       3000                  
        20                                                                      
                                                                                
      7934 MILLER     CLERK           7782 82/01/23       1300                  
        10                                                                      
                                                                                

14 개의 행이 선택되었습니다.

SQL> desc emp
 이름                                      널?      유형
 ----------------------------------------- -------- ----------------------------
 EMPNO                                     NOT NULL NUMBER(4)
 ENAME                                              VARCHAR2(10)
 JOB                                                VARCHAR2(9)
 MGR                                                NUMBER(4)
 HIREDATE                                           DATE
 SAL                                                NUMBER(7,2)
 COMM                                               NUMBER(7,2)
 DEPTNO                                             NUMBER(2)

SQL> show all
appinfo은 OFF이고 이것을 "SQL*Plus"로 설정합니다
arraysize 15
autocommit OFF
autoprint OFF
autorecovery OFF
autotrace OFF
blockterminator "." (hex 2e)
btitle OFF 이고 이것은 SELECT 문장 다음에 있는 첫번째 소수의 문자입니다
cmdsep OFF
colsep " "
compatibility version NATIVE
concat "." (hex 2e)
copycommit 0
COPYTYPECHECK는 ON 입니다
define "&" (hex 26)
describe DEPTH 1 LINENUM OFF INDENT ON
echo OFF
editfile "afiedt.buf"
embedded OFF
escape OFF
escchar OFF
exitcommit ON
6 또는 그 이상의 행에 대한 FEEDBACK ON
flagger OFF
flush ON
heading ON
headsep "|" (hex 7c)
instance "local"
linesize 80
lno 14
loboffset 1
logsource ""
long 80
longchunksize 80
markup HTML OFF HEAD "<style type='text/css'> body {font:10pt Arial,Helvetica,sans-serif; color:black; background:White;} p {font:10pt Arial,Helvetica,sans-serif; color:black; background:White;} table,tr,td {font:10pt Arial,Helvetica,sans-serif; color:Black; background:#f7f7e7; padding:0px 0px 0px 0px; margin:0px 0px 0px 0px;} th {font:bold 10pt Arial,Helvetica,sans-serif; color:#336699; background:#cccc99; padding:0px 0px 0px 0px;} h1 {font:16pt Arial,Helvetica,Geneva,sans-serif; color:#336699; background-color:White; border-bottom:1px solid #cccc99; margin-top:0pt; margin-bottom:0pt; padding:0px 0px 0px 0px;-
} h2 {font:bold 10pt Arial,Helvetica,Geneva,sans-serif; color:#336699; background-color:White; margin-top:4pt; margin-bottom:0pt;} a {font:9pt Arial,Helvetica,sans-serif; color:#663300; background:#ffffff; margin-top:0pt; margin-bottom:0pt; vertical-align:top;}</style><title>SQL*Plus Report</title>" BODY "" TABLE "border='1' width='90%' align='center' summary='Script output'" SPOOL OFF ENTMAP ON PREFORMAT OFF
newpage 1
null ""
numformat ""
numwidth 10
pagesize 14
PAUSE는 OFF
pno 5
recsep WRAP
recsepchar " " (hex 20)
release 1102000100
repfooter OFF 이고 이것은 NULL입니다.
repheader OFF 이고 이것은 NULL입니다.
securedcol is OFF
serveroutput OFF
shiftinout INVISIBLE
showmode OFF
spool ON
sqlblanklines OFF
sqlcase MIXED
sqlcode 0
sqlcontinue "> "
sqlnumber ON
sqlpluscompatibility 11.2.0
sqlprefix "#" (hex 23)
sqlprompt "SQL> "
sqlterminator ";" (hex 3b)
suffix "sql"
tab ON
termout ON
timing OFF
trimout ON
trimspool OFF
ttitle OFF 이고 이것은 SELECT 문장 다음에 있는 첫번째 소수의 문자입니다
underline "-" (hex 2d)
USER은 "SCOTT"입니다
verify ON
wrap : 행이 줄바꿈됨
errorlogging is OFF
SQL> set linesize 120
SQL> show all
appinfo은 OFF이고 이것을 "SQL*Plus"로 설정합니다
arraysize 15
autocommit OFF
autoprint OFF
autorecovery OFF
autotrace OFF
blockterminator "." (hex 2e)
btitle OFF 이고 이것은 SELECT 문장 다음에 있는 첫번째 소수의 문자입니다
cmdsep OFF
colsep " "
compatibility version NATIVE
concat "." (hex 2e)
copycommit 0
COPYTYPECHECK는 ON 입니다
define "&" (hex 26)
describe DEPTH 1 LINENUM OFF INDENT ON
echo OFF
editfile "afiedt.buf"
embedded OFF
escape OFF
escchar OFF
exitcommit ON
6 또는 그 이상의 행에 대한 FEEDBACK ON
flagger OFF
flush ON
heading ON
headsep "|" (hex 7c)
instance "local"
linesize 120
lno 14
loboffset 1
logsource ""
long 80
longchunksize 80
markup HTML OFF HEAD "<style type='text/css'> body {font:10pt Arial,Helvetica,sans-serif; color:black; background:White;} p {font:10pt Arial,Helvetica,sans-serif; color:black; background:White;} table,tr,td {font:10pt Arial,Helvetica,sans-serif; color:Black; background:#f7f7e7; padding:0px 0px 0px 0px; margin:0px 0px 0px 0px;} th {font:bold 10pt Arial,Helvetica,sans-serif; color:#336699; background:#cccc99; padding:0px 0px 0px 0px;} h1 {font:16pt Arial,Helvetica,Geneva,sans-serif; color:#336699; background-color:White; border-bottom:1px solid #cccc99; margin-top:0pt; margin-bottom:0pt; padding:0px 0px 0px 0px;-
} h2 {font:bold 10pt Arial,Helvetica,Geneva,sans-serif; color:#336699; background-color:White; margin-top:4pt; margin-bottom:0pt;} a {font:9pt Arial,Helvetica,sans-serif; color:#663300; background:#ffffff; margin-top:0pt; margin-bottom:0pt; vertical-align:top;}</style><title>SQL*Plus Report</title>" BODY "" TABLE "border='1' width='90%' align='center' summary='Script output'" SPOOL OFF ENTMAP ON PREFORMAT OFF
newpage 1
null ""
numformat ""
numwidth 10
pagesize 14
PAUSE는 OFF
pno 5
recsep WRAP
recsepchar " " (hex 20)
release 1102000100
repfooter OFF 이고 이것은 NULL입니다.
repheader OFF 이고 이것은 NULL입니다.
securedcol is OFF
serveroutput OFF
shiftinout INVISIBLE
showmode OFF
spool ON
sqlblanklines OFF
sqlcase MIXED
sqlcode 0
sqlcontinue "> "
sqlnumber ON
sqlpluscompatibility 11.2.0
sqlprefix "#" (hex 23)
sqlprompt "SQL> "
sqlterminator ";" (hex 3b)
suffix "sql"
tab ON
termout ON
timing OFF
trimout ON
trimspool OFF
ttitle OFF 이고 이것은 SELECT 문장 다음에 있는 첫번째 소수의 문자입니다
underline "-" (hex 2d)
USER은 "SCOTT"입니다
verify ON
wrap : 행이 줄바꿈됨
errorlogging is OFF
SQL> /

     EMPNO ENAME      JOB              MGR HIREDATE        SAL       COMM     DEPTNO                                    
---------- ---------- --------- ---------- -------- ---------- ---------- ----------                                    
      7369 SMITH      CLERK           7902 80/12/17        800                    20                                    
      7499 ALLEN      SALESMAN        7698 81/02/20       1600        300         30                                    
      7521 WARD       SALESMAN        7698 81/02/22       1250        500         30                                    
      7566 JONES      MANAGER         7839 81/04/02       2975                    20                                    
      7654 MARTIN     SALESMAN        7698 81/09/28       1250       1400         30                                    
      7698 BLAKE      MANAGER         7839 81/05/01       2850                    30                                    
      7782 CLARK      MANAGER         7839 81/06/09       2450                    10                                    
      7788 SCOTT      ANALYST         7566 87/04/19       3000                    20                                    
      7839 KING       PRESIDENT            81/11/17       5000                    10                                    
      7844 TURNER     SALESMAN        7698 81/09/08       1500          0         30                                    
      7876 ADAMS      CLERK           7788 87/05/23       1100                    20                                    

     EMPNO ENAME      JOB              MGR HIREDATE        SAL       COMM     DEPTNO                                    
---------- ---------- --------- ---------- -------- ---------- ---------- ----------                                    
      7900 JAMES      CLERK           7698 81/12/03        950                    30                                    
      7902 FORD       ANALYST         7566 81/12/03       3000                    20                                    
      7934 MILLER     CLERK           7782 82/01/23       1300                    10                                    

14 개의 행이 선택되었습니다.

SQL> select rowid, empno, ename, from emp;
select rowid, empno, ename, from emp
                            *
1행에 오류:
ORA-00936: 누락된 표현식 


SQL> select rowid, empno, ename from emp;

ROWID                   EMPNO ENAME                                                                                     
------------------ ---------- ----------                                                                                
AAAR3sAAEAAAACXAAA       7369 SMITH                                                                                     
AAAR3sAAEAAAACXAAB       7499 ALLEN                                                                                     
AAAR3sAAEAAAACXAAC       7521 WARD                                                                                      
AAAR3sAAEAAAACXAAD       7566 JONES                                                                                     
AAAR3sAAEAAAACXAAE       7654 MARTIN                                                                                    
AAAR3sAAEAAAACXAAF       7698 BLAKE                                                                                     
AAAR3sAAEAAAACXAAG       7782 CLARK                                                                                     
AAAR3sAAEAAAACXAAH       7788 SCOTT                                                                                     
AAAR3sAAEAAAACXAAI       7839 KING                                                                                      
AAAR3sAAEAAAACXAAJ       7844 TURNER                                                                                    
AAAR3sAAEAAAACXAAK       7876 ADAMS                                                                                     

ROWID                   EMPNO ENAME                                                                                     
------------------ ---------- ----------                                                                                
AAAR3sAAEAAAACXAAL       7900 JAMES                                                                                     
AAAR3sAAEAAAACXAAM       7902 FORD                                                                                      
AAAR3sAAEAAAACXAAN       7934 MILLER                                                                                    

14 개의 행이 선택되었습니다.

SQL> desc eno
ERROR:
ORA-04043: eno 객체는 존재하지 않습니다. 


SQL> desc emp
 이름                                                              널?      유형
 ----------------------------------------------------------------- -------- --------------------------------------------
 EMPNO                                                             NOT NULL NUMBER(4)
 ENAME                                                                      VARCHAR2(10)
 JOB                                                                        VARCHAR2(9)
 MGR                                                                        NUMBER(4)
 HIREDATE                                                                   DATE
 SAL                                                                        NUMBER(7,2)
 COMM                                                                       NUMBER(7,2)
 DEPTNO                                                                     NUMBER(2)

SQL> select ename 이름 sal "급여", hiredate as 입사일 from emp;
select ename 이름 sal "급여", hiredate as 입사일 from emp
                  *
1행에 오류:
ORA-00923: FROM 키워드가 필요한 위치에 없습니다. 


SQL> select ename 이름, sal "급여", hiredate as 입사일 from emp;

이름             급여 입사일                                                                                            
---------- ---------- --------                                                                                          
SMITH             800 80/12/17                                                                                          
ALLEN            1600 81/02/20                                                                                          
WARD             1250 81/02/22                                                                                          
JONES            2975 81/04/02                                                                                          
MARTIN           1250 81/09/28                                                                                          
BLAKE            2850 81/05/01                                                                                          
CLARK            2450 81/06/09                                                                                          
SCOTT            3000 87/04/19                                                                                          
KING             5000 81/11/17                                                                                          
TURNER           1500 81/09/08                                                                                          
ADAMS            1100 87/05/23                                                                                          

이름             급여 입사일                                                                                            
---------- ---------- --------                                                                                          
JAMES             950 81/12/03                                                                                          
FORD             3000 81/12/03                                                                                          
MILLER           1300 82/01/23                                                                                          

14 개의 행이 선택되었습니다.

SQL> select ename, sal+100 from emp;

ENAME         SAL+100                                                                                                   
---------- ----------                                                                                                   
SMITH             900                                                                                                   
ALLEN            1700                                                                                                   
WARD             1350                                                                                                   
JONES            3075                                                                                                   
MARTIN           1350                                                                                                   
BLAKE            2950                                                                                                   
CLARK            2550                                                                                                   
SCOTT            3100                                                                                                   
KING             5100                                                                                                   
TURNER           1600                                                                                                   
ADAMS            1200                                                                                                   

ENAME         SAL+100                                                                                                   
---------- ----------                                                                                                   
JAMES            1050                                                                                                   
FORD             3100                                                                                                   
MILLER           1400                                                                                                   

14 개의 행이 선택되었습니다.

SQL> select ename, sal+100 "total" from emp;

ENAME           total                                                                                                   
---------- ----------                                                                                                   
SMITH             900                                                                                                   
ALLEN            1700                                                                                                   
WARD             1350                                                                                                   
JONES            3075                                                                                                   
MARTIN           1350                                                                                                   
BLAKE            2950                                                                                                   
CLARK            2550                                                                                                   
SCOTT            3100                                                                                                   
KING             5100                                                                                                   
TURNER           1600                                                                                                   
ADAMS            1200                                                                                                   

ENAME           total                                                                                                   
---------- ----------                                                                                                   
JAMES            1050                                                                                                   
FORD             3100                                                                                                   
MILLER           1400                                                                                                   

14 개의 행이 선택되었습니다.

SQL> select ename from emp;

ENAME                                                                                                                   
----------                                                                                                              
SMITH                                                                                                                   
ALLEN                                                                                                                   
WARD                                                                                                                    
JONES                                                                                                                   
MARTIN                                                                                                                  
BLAKE                                                                                                                   
CLARK                                                                                                                   
SCOTT                                                                                                                   
KING                                                                                                                    
TURNER                                                                                                                  
ADAMS                                                                                                                   

ENAME                                                                                                                   
----------                                                                                                              
JAMES                                                                                                                   
FORD                                                                                                                    
MILLER                                                                                                                  

14 개의 행이 선택되었습니다.

SQL> select ename, sal+100 "total" from emp;

ENAME           total                                                                                                   
---------- ----------                                                                                                   
SMITH             900                                                                                                   
ALLEN            1700                                                                                                   
WARD             1350                                                                                                   
JONES            3075                                                                                                   
MARTIN           1350                                                                                                   
BLAKE            2950                                                                                                   
CLARK            2550                                                                                                   
SCOTT            3100                                                                                                   
KING             5100                                                                                                   
TURNER           1600                                                                                                   
ADAMS            1200                                                                                                   

ENAME           total                                                                                                   
---------- ----------                                                                                                   
JAMES            1050                                                                                                   
FORD             3100                                                                                                   
MILLER           1400                                                                                                   

14 개의 행이 선택되었습니다.

SQL> select ename, sal+100 "total" from emp;

ENAME           total                                                                                                   
---------- ----------                                                                                                   
SMITH             900                                                                                                   
ALLEN            1700                                                                                                   
WARD             1350                                                                                                   
JONES            3075                                                                                                   
MARTIN           1350                                                                                                   
BLAKE            2950                                                                                                   
CLARK            2550                                                                                                   
SCOTT            3100                                                                                                   
KING             5100                                                                                                   
TURNER           1600                                                                                                   
ADAMS            1200                                                                                                   

ENAME           total                                                                                                   
---------- ----------                                                                                                   
JAMES            1050                                                                                                   
FORD             3100                                                                                                   
MILLER           1400                                                                                                   

14 개의 행이 선택되었습니다.

SQL> select ename from emp where deptno =10;

ENAME                                                                                                                   
----------                                                                                                              
CLARK                                                                                                                   
KING                                                                                                                    
MILLER                                                                                                                  

SQL> desc emp
 이름                                                              널?      유형
 ----------------------------------------------------------------- -------- --------------------------------------------
 EMPNO                                                             NOT NULL NUMBER(4)
 ENAME                                                                      VARCHAR2(10)
 JOB                                                                        VARCHAR2(9)
 MGR                                                                        NUMBER(4)
 HIREDATE                                                                   DATE
 SAL                                                                        NUMBER(7,2)
 COMM                                                                       NUMBER(7,2)
 DEPTNO                                                                     NUMBER(2)

SQL> select dept.dname from dept where deptno =10;

DNAME                                                                                                                   
--------------                                                                                                          
ACCOUNTING                                                                                                              

SQL> select ename from emp where deptno =10;

ENAME                                                                                                                   
----------                                                                                                              
CLARK                                                                                                                   
KING                                                                                                                    
MILLER                                                                                                                  

SQL> select ename from emp where sal>1000 AND sal<2000
  2  ;

ENAME                                                                                                                   
----------                                                                                                              
ALLEN                                                                                                                   
WARD                                                                                                                    
MARTIN                                                                                                                  
TURNER                                                                                                                  
ADAMS                                                                                                                   
MILLER                                                                                                                  

6 개의 행이 선택되었습니다.

SQL> select * from emp where sal>1000 AND sal<2000;

     EMPNO ENAME      JOB              MGR HIREDATE        SAL       COMM     DEPTNO                                    
---------- ---------- --------- ---------- -------- ---------- ---------- ----------                                    
      7499 ALLEN      SALESMAN        7698 81/02/20       1600        300         30                                    
      7521 WARD       SALESMAN        7698 81/02/22       1250        500         30                                    
      7654 MARTIN     SALESMAN        7698 81/09/28       1250       1400         30                                    
      7844 TURNER     SALESMAN        7698 81/09/08       1500          0         30                                    
      7876 ADAMS      CLERK           7788 87/05/23       1100                    20                                    
      7934 MILLER     CLERK           7782 82/01/23       1300                    10                                    

6 개의 행이 선택되었습니다.

SQL> select * from emp where job = salesman and job = clerk
  2  ;
select * from emp where job = salesman and job = clerk
                                                 *
1행에 오류:
ORA-00904: "CLERK": 부적합한 식별자 


SQL> select * from emp where job = salesman and job = clerk;
select * from emp where job = salesman and job = clerk
                                                 *
1행에 오류:
ORA-00904: "CLERK": 부적합한 식별자 


SQL> select * from emp where job = "salesman" and job ="clerk";
select * from emp where job = "salesman" and job ="clerk"
                                                  *
1행에 오류:
ORA-00904: "clerk": 부적합한 식별자 


SQL> select * from emp where job = "salesman" and job ="clerk";
select * from emp where job = "salesman" and job ="clerk"
                                                  *
1행에 오류:
ORA-00904: "clerk": 부적합한 식별자 


SQL> select * from emp where job = "salesman" and
  2  ;

*
2행에 오류:
ORA-00936: 누락된 표현식 


SQL> select * from emp where job = "salesman" and ;
select * from emp where job = "salesman" and 
                                            *
1행에 오류:
ORA-00936: 누락된 표현식 


SQL> select * from emp where job = salesman AND job = clerk;
select * from emp where job = salesman AND job = clerk
                                                 *
1행에 오류:
ORA-00904: "CLERK": 부적합한 식별자 


SQL> select * from emp where job = salesman OR job = clerk;
select * from emp where job = salesman OR job = clerk
                                                *
1행에 오류:
ORA-00904: "CLERK": 부적합한 식별자 


SQL> select * from emp where job = salesman OR job = clerk;
select * from emp where job = salesman OR job = clerk
                                                *
1행에 오류:
ORA-00904: "CLERK": 부적합한 식별자 


SQL> select * from emp where job =  SALESMAN OR job = clerk;
select * from emp where job =  SALESMAN OR job = clerk
                                                 *
1행에 오류:
ORA-00904: "CLERK": 부적합한 식별자 


SQL> select * from emp where job =  'SALESMAN' OR job = 'clerk';

     EMPNO ENAME      JOB              MGR HIREDATE        SAL       COMM     DEPTNO                                    
---------- ---------- --------- ---------- -------- ---------- ---------- ----------                                    
      7499 ALLEN      SALESMAN        7698 81/02/20       1600        300         30                                    
      7521 WARD       SALESMAN        7698 81/02/22       1250        500         30                                    
      7654 MARTIN     SALESMAN        7698 81/09/28       1250       1400         30                                    
      7844 TURNER     SALESMAN        7698 81/09/08       1500          0         30                                    

SQL> select * from emp where job =  'SALESMAN' AND job = 'clerk';

선택된 레코드가 없습니다.

SQL> select * from emp where job =  'SALESMAN' OR job = 'CLERK';

     EMPNO ENAME      JOB              MGR HIREDATE        SAL       COMM     DEPTNO                                    
---------- ---------- --------- ---------- -------- ---------- ---------- ----------                                    
      7369 SMITH      CLERK           7902 80/12/17        800                    20                                    
      7499 ALLEN      SALESMAN        7698 81/02/20       1600        300         30                                    
      7521 WARD       SALESMAN        7698 81/02/22       1250        500         30                                    
      7654 MARTIN     SALESMAN        7698 81/09/28       1250       1400         30                                    
      7844 TURNER     SALESMAN        7698 81/09/08       1500          0         30                                    
      7876 ADAMS      CLERK           7788 87/05/23       1100                    20                                    
      7900 JAMES      CLERK           7698 81/12/03        950                    30                                    
      7934 MILLER     CLERK           7782 82/01/23       1300                    10                                    

8 개의 행이 선택되었습니다.

SQL> select * from emp where deptno =10;

     EMPNO ENAME      JOB              MGR HIREDATE        SAL       COMM     DEPTNO                                    
---------- ---------- --------- ---------- -------- ---------- ---------- ----------                                    
      7782 CLARK      MANAGER         7839 81/06/09       2450                    10                                    
      7839 KING       PRESIDENT            81/11/17       5000                    10                                    
      7934 MILLER     CLERK           7782 82/01/23       1300                    10                                    

SQL> select * from emp where sal>1000 AND sal<2000;

     EMPNO ENAME      JOB              MGR HIREDATE        SAL       COMM     DEPTNO                                    
---------- ---------- --------- ---------- -------- ---------- ---------- ----------                                    
      7499 ALLEN      SALESMAN        7698 81/02/20       1600        300         30                                    
      7521 WARD       SALESMAN        7698 81/02/22       1250        500         30                                    
      7654 MARTIN     SALESMAN        7698 81/09/28       1250       1400         30                                    
      7844 TURNER     SALESMAN        7698 81/09/08       1500          0         30                                    
      7876 ADAMS      CLERK           7788 87/05/23       1100                    20                                    
      7934 MILLER     CLERK           7782 82/01/23       1300                    10                                    

6 개의 행이 선택되었습니다.

SQL> select * from emp where job =  'SALESMAN' OR job = 'CLERK';

     EMPNO ENAME      JOB              MGR HIREDATE        SAL       COMM     DEPTNO                                    
---------- ---------- --------- ---------- -------- ---------- ---------- ----------                                    
      7369 SMITH      CLERK           7902 80/12/17        800                    20                                    
      7499 ALLEN      SALESMAN        7698 81/02/20       1600        300         30                                    
      7521 WARD       SALESMAN        7698 81/02/22       1250        500         30                                    
      7654 MARTIN     SALESMAN        7698 81/09/28       1250       1400         30                                    
      7844 TURNER     SALESMAN        7698 81/09/08       1500          0         30                                    
      7876 ADAMS      CLERK           7788 87/05/23       1100                    20                                    
      7900 JAMES      CLERK           7698 81/12/03        950                    30                                    
      7934 MILLER     CLERK           7782 82/01/23       1300                    10                                    

8 개의 행이 선택되었습니다.

SQL> select * from emp where sal=>1000 AND sal<=2000;
select * from emp where sal=>1000 AND sal<=2000
                           *
1행에 오류:
ORA-00920: 관계 연산자가 부적합합니다 


SQL> select * from emp where sal>=1000 AND sal<=2000;

     EMPNO ENAME      JOB              MGR HIREDATE        SAL       COMM     DEPTNO                                    
---------- ---------- --------- ---------- -------- ---------- ---------- ----------                                    
      7499 ALLEN      SALESMAN        7698 81/02/20       1600        300         30                                    
      7521 WARD       SALESMAN        7698 81/02/22       1250        500         30                                    
      7654 MARTIN     SALESMAN        7698 81/09/28       1250       1400         30                                    
      7844 TURNER     SALESMAN        7698 81/09/08       1500          0         30                                    
      7876 ADAMS      CLERK           7788 87/05/23       1100                    20                                    
      7934 MILLER     CLERK           7782 82/01/23       1300                    10                                    

6 개의 행이 선택되었습니다.

SQL> select * from emp where NOT sal>=1000 AND sal<=2000;

     EMPNO ENAME      JOB              MGR HIREDATE        SAL       COMM     DEPTNO                                    
---------- ---------- --------- ---------- -------- ---------- ---------- ----------                                    
      7369 SMITH      CLERK           7902 80/12/17        800                    20                                    
      7900 JAMES      CLERK           7698 81/12/03        950                    30                                    

SQL> desc emp
 이름                                                              널?      유형
 ----------------------------------------------------------------- -------- --------------------------------------------
 EMPNO                                                             NOT NULL NUMBER(4)
 ENAME                                                                      VARCHAR2(10)
 JOB                                                                        VARCHAR2(9)
 MGR                                                                        NUMBER(4)
 HIREDATE                                                                   DATE
 SAL                                                                        NUMBER(7,2)
 COMM                                                                       NUMBER(7,2)
 DEPTNO                                                                     NUMBER(2)

SQL> show emp
SP2-0158: 알 수 없는 SHOW 옵션 "emp"
SQL> select * from emp
  2  ;

     EMPNO ENAME      JOB              MGR HIREDATE        SAL       COMM     DEPTNO                                    
---------- ---------- --------- ---------- -------- ---------- ---------- ----------                                    
      7369 SMITH      CLERK           7902 80/12/17        800                    20                                    
      7499 ALLEN      SALESMAN        7698 81/02/20       1600        300         30                                    
      7521 WARD       SALESMAN        7698 81/02/22       1250        500         30                                    
      7566 JONES      MANAGER         7839 81/04/02       2975                    20                                    
      7654 MARTIN     SALESMAN        7698 81/09/28       1250       1400         30                                    
      7698 BLAKE      MANAGER         7839 81/05/01       2850                    30                                    
      7782 CLARK      MANAGER         7839 81/06/09       2450                    10                                    
      7788 SCOTT      ANALYST         7566 87/04/19       3000                    20                                    
      7839 KING       PRESIDENT            81/11/17       5000                    10                                    
      7844 TURNER     SALESMAN        7698 81/09/08       1500          0         30                                    
      7876 ADAMS      CLERK           7788 87/05/23       1100                    20                                    

     EMPNO ENAME      JOB              MGR HIREDATE        SAL       COMM     DEPTNO                                    
---------- ---------- --------- ---------- -------- ---------- ---------- ----------                                    
      7900 JAMES      CLERK           7698 81/12/03        950                    30                                    
      7902 FORD       ANALYST         7566 81/12/03       3000                    20                                    
      7934 MILLER     CLERK           7782 82/01/23       1300                    10                                    

14 개의 행이 선택되었습니다.

SQL> select * from emp where NOT (sal>=1000 AND sal<=2000);

     EMPNO ENAME      JOB              MGR HIREDATE        SAL       COMM     DEPTNO                                    
---------- ---------- --------- ---------- -------- ---------- ---------- ----------                                    
      7369 SMITH      CLERK           7902 80/12/17        800                    20                                    
      7566 JONES      MANAGER         7839 81/04/02       2975                    20                                    
      7698 BLAKE      MANAGER         7839 81/05/01       2850                    30                                    
      7782 CLARK      MANAGER         7839 81/06/09       2450                    10                                    
      7788 SCOTT      ANALYST         7566 87/04/19       3000                    20                                    
      7839 KING       PRESIDENT            81/11/17       5000                    10                                    
      7900 JAMES      CLERK           7698 81/12/03        950                    30                                    
      7902 FORD       ANALYST         7566 81/12/03       3000                    20                                    

8 개의 행이 선택되었습니다.

SQL> select * from emp where sal<=1000 AND sal>=2000;

선택된 레코드가 없습니다.

SQL> select * from emp where sal<=1000 or sal>=2000;

     EMPNO ENAME      JOB              MGR HIREDATE        SAL       COMM     DEPTNO                                    
---------- ---------- --------- ---------- -------- ---------- ---------- ----------                                    
      7369 SMITH      CLERK           7902 80/12/17        800                    20                                    
      7566 JONES      MANAGER         7839 81/04/02       2975                    20                                    
      7698 BLAKE      MANAGER         7839 81/05/01       2850                    30                                    
      7782 CLARK      MANAGER         7839 81/06/09       2450                    10                                    
      7788 SCOTT      ANALYST         7566 87/04/19       3000                    20                                    
      7839 KING       PRESIDENT            81/11/17       5000                    10                                    
      7900 JAMES      CLERK           7698 81/12/03        950                    30                                    
      7902 FORD       ANALYST         7566 81/12/03       3000                    20                                    

8 개의 행이 선택되었습니다.

SQL> select ename,job from emp where job =  'SALESMAN' OR job = 'CLERK';

ENAME      JOB                                                                                                          
---------- ---------                                                                                                    
SMITH      CLERK                                                                                                        
ALLEN      SALESMAN                                                                                                     
WARD       SALESMAN                                                                                                     
MARTIN     SALESMAN                                                                                                     
TURNER     SALESMAN                                                                                                     
ADAMS      CLERK                                                                                                        
JAMES      CLERK                                                                                                        
MILLER     CLERK                                                                                                        

8 개의 행이 선택되었습니다.

SQL> select ename from emp where comm = NULL;

선택된 레코드가 없습니다.

SQL> select ename from emp where comm is null;

ENAME                                                                                                                   
----------                                                                                                              
SMITH                                                                                                                   
JONES                                                                                                                   
BLAKE                                                                                                                   
CLARK                                                                                                                   
SCOTT                                                                                                                   
KING                                                                                                                    
ADAMS                                                                                                                   
JAMES                                                                                                                   
FORD                                                                                                                    
MILLER                                                                                                                  

10 개의 행이 선택되었습니다.

SQL> insert into emp(empno, ename) values(101,'홍동우');

1 개의 행이 만들어졌습니다.

SQL> delete emp where empno = 101;

1 행이 삭제되었습니다.

SQL>  insert into emp(empno, ename, hiredate) values(101,'홍동우', sysdate);

1 개의 행이 만들어졌습니다.

SQL> select ename from emp where hiredate>21/01/01 AND hiredate<21/06/11;
select ename from emp where hiredate>21/01/01 AND hiredate<21/06/11
                                                          *
1행에 오류:
ORA-00932: 일관성 없는 데이터 유형: DATE이(가) 필요하지만 NUMBER임 


SQL> select ename from emp where hiredate>'21/01/01' AND hiredate < '21/06/11';

선택된 레코드가 없습니다.

SQL> select ename from emp where hiredate>21/01/01 AND hiredate<21/06/11;
select ename from emp where hiredate>21/01/01 AND hiredate<21/06/11
                                                          *
1행에 오류:
ORA-00932: 일관성 없는 데이터 유형: DATE이(가) 필요하지만 NUMBER임 


SQL>  select ename "이름" ,empno "회번", hiredate"입사일" from emp where hiredate>=to_date('21/01/01 00:00:00' ,'yy/mm/dd hh24:mi:ss') and hiredate <=to_date('21/06/11 18:00:00','yy/mm/dd hh24:mi:ss');

이름             회번 입사일                                                                                            
---------- ---------- --------                                                                                          
홍동우            101 21/06/11                                                                                          

SQL>  select ename "이름" ,empno "회번", hiredate"입사일" from emp where hiredate>=to_date('21/01/01 00:00:00' ,'yy/mm/dd hh24:mi:ss') and hiredate <=to_date('21/06/11 18:00:00','yy/mm/dd hh24:mi:ss');

이름             회번 입사일                                                                                            
---------- ---------- --------                                                                                          
홍동우            101 21/06/11                                                                                          

SQL>  select ename "이름" ,empno "회번", hiredate"입사일" from emp where hiredate>=to_date('21/01/01 00:00:00' ,'yy/mm/dd hh24:mi:ss') and hiredate <=to_date('21/06/11 18:00:00','yy/mm/dd hh24:mi:ss');

이름             회번 입사일                                                                                            
---------- ---------- --------                                                                                          
홍동우            101 21/06/11                                                                                          

SQL> select ename from emp where hiredate>21/01/01 AND hiredate<21/06/11;
select ename from emp where hiredate>21/01/01 AND hiredate<21/06/11
                                                          *
1행에 오류:
ORA-00932: 일관성 없는 데이터 유형: DATE이(가) 필요하지만 NUMBER임 


SQL> select ename from emp where hiredate>'21/01/01' AND hiredate < '21/06/11';

선택된 레코드가 없습니다.

SQL> select ename from emp where hiredate>'87/01/01' AND hiredate < '21/06/11';

ENAME                                                                                                                   
----------                                                                                                              
SCOTT                                                                                                                   
ADAMS                                                                                                                   

SQL> select ename from emp where hiredate>'87/01/01' AND hiredate < '21/06/12';

ENAME                                                                                                                   
----------                                                                                                              
홍동우                                                                                                                  
SCOTT                                                                                                                   
ADAMS                                                                                                                   

SQL> select ename from emp where hiredate>'87/01/01' AND hiredate <= '21/06/11';

ENAME                                                                                                                   
----------                                                                                                              
SCOTT                                                                                                                   
ADAMS                                                                                                                   

SQL> select ename from emp where hiredate>'87/01/01' AND hiredate < '21/06/12';

ENAME                                                                                                                   
----------                                                                                                              
홍동우                                                                                                                  
SCOTT                                                                                                                   
ADAMS                                                                                                                   

SQL>  select ename "이름" ,empno "회번", hiredate"입사일" from emp where hiredate>='21/06/11' and hiredate <=to_date('21/06/11 18:00:00','yy/mm/dd hh24:mi:ss');

이름             회번 입사일                                                                                            
---------- ---------- --------                                                                                          
홍동우            101 21/06/11                                                                                          

SQL> select ename ||'의 급여는 '|| sal ||'입니다' 소개  from emp;

소개                                                                                                                    
------------------------------------------------------------------                                                      
홍동우의 급여는 입니다                                                                                                  
SMITH의 급여는 800입니다                                                                                                
ALLEN의 급여는 1600입니다                                                                                               
WARD의 급여는 1250입니다                                                                                                
JONES의 급여는 2975입니다                                                                                               
MARTIN의 급여는 1250입니다                                                                                              
BLAKE의 급여는 2850입니다                                                                                               
CLARK의 급여는 2450입니다                                                                                               
SCOTT의 급여는 3000입니다                                                                                               
KING의 급여는 5000입니다                                                                                                
TURNER의 급여는 1500입니다                                                                                              

소개                                                                                                                    
------------------------------------------------------------------                                                      
ADAMS의 급여는 1100입니다                                                                                               
JAMES의 급여는 950입니다                                                                                                
FORD의 급여는 3000입니다                                                                                                
MILLER의 급여는 1300입니다                                                                                              

15 개의 행이 선택되었습니다.

SQL> select ename, sal, nvl(comm,0) comm ,nvl(sal + comm) sumsal from emp;
select ename, sal, nvl(comm,0) comm ,nvl(sal + comm) sumsal from emp
                                     *
1행에 오류:
ORA-00909: 인수의 개수가 부적합합니다 


SQL> select ename, sal, nvl(comm,0) comm ,nvl(sal + comm,0) sumsal from emp;

ENAME             SAL       COMM     SUMSAL                                                                             
---------- ---------- ---------- ----------                                                                             
홍동우                         0          0                                                                             
SMITH             800          0          0                                                                             
ALLEN            1600        300       1900                                                                             
WARD             1250        500       1750                                                                             
JONES            2975          0          0                                                                             
MARTIN           1250       1400       2650                                                                             
BLAKE            2850          0          0                                                                             
CLARK            2450          0          0                                                                             
SCOTT            3000          0          0                                                                             
KING             5000          0          0                                                                             
TURNER           1500          0       1500                                                                             

ENAME             SAL       COMM     SUMSAL                                                                             
---------- ---------- ---------- ----------                                                                             
ADAMS            1100          0          0                                                                             
JAMES             950          0          0                                                                             
FORD             3000          0          0                                                                             
MILLER           1300          0          0                                                                             

15 개의 행이 선택되었습니다.

SQL> select ename, sal, nvl(comm,0) comm ,nvl(comm,0)+sal sumsal from emp;

ENAME             SAL       COMM     SUMSAL                                                                             
---------- ---------- ---------- ----------                                                                             
홍동우                         0                                                                                        
SMITH             800          0        800                                                                             
ALLEN            1600        300       1900                                                                             
WARD             1250        500       1750                                                                             
JONES            2975          0       2975                                                                             
MARTIN           1250       1400       2650                                                                             
BLAKE            2850          0       2850                                                                             
CLARK            2450          0       2450                                                                             
SCOTT            3000          0       3000                                                                             
KING             5000          0       5000                                                                             
TURNER           1500          0       1500                                                                             

ENAME             SAL       COMM     SUMSAL                                                                             
---------- ---------- ---------- ----------                                                                             
ADAMS            1100          0       1100                                                                             
JAMES             950          0        950                                                                             
FORD             3000          0       3000                                                                             
MILLER           1300          0       1300                                                                             

15 개의 행이 선택되었습니다.

SQL> select ename, sal, nvl(comm,0) comm ,nvl(comm,0)+sal sumsal from emp;

ENAME             SAL       COMM     SUMSAL                                                                             
---------- ---------- ---------- ----------                                                                             
홍동우                         0                                                                                        
SMITH             800          0        800                                                                             
ALLEN            1600        300       1900                                                                             
WARD             1250        500       1750                                                                             
JONES            2975          0       2975                                                                             
MARTIN           1250       1400       2650                                                                             
BLAKE            2850          0       2850                                                                             
CLARK            2450          0       2450                                                                             
SCOTT            3000          0       3000                                                                             
KING             5000          0       5000                                                                             
TURNER           1500          0       1500                                                                             

ENAME             SAL       COMM     SUMSAL                                                                             
---------- ---------- ---------- ----------                                                                             
ADAMS            1100          0       1100                                                                             
JAMES             950          0        950                                                                             
FORD             3000          0       3000                                                                             
MILLER           1300          0       1300                                                                             

15 개의 행이 선택되었습니다.

SQL> select ename from emp
  2  where ename = like'%A%';
where ename = like'%A%'
              *
2행에 오류:
ORA-00936: 누락된 표현식 


SQL> where ename like'%A%';
SP2-0734: "where enam..."(으)로 시작되는 알 수 없는 명령 - 나머지 줄은 무시되었습니다.
SQL> select ename from emp where ename like '%A%';

ENAME                                                                                                                   
----------                                                                                                              
ALLEN                                                                                                                   
WARD                                                                                                                    
MARTIN                                                                                                                  
BLAKE                                                                                                                   
CLARK                                                                                                                   
ADAMS                                                                                                                   
JAMES                                                                                                                   

7 개의 행이 선택되었습니다.

SQL> select ename from emp where ename like '%A%A%';

ENAME                                                                                                                   
----------                                                                                                              
ADAMS                                                                                                                   

SQL> select ename from emp where ename like '%L%L%';

ENAME                                                                                                                   
----------                                                                                                              
ALLEN                                                                                                                   
MILLER                                                                                                                  

SQL> select ename from emp where ename like '%%L';

선택된 레코드가 없습니다.

SQL> select ename from emp where ename like '%2A%';

선택된 레코드가 없습니다.

SQL> select ename from emp where ename like '%2L%';

선택된 레코드가 없습니다.

SQL> select ename from emp where ename like '%2L';

선택된 레코드가 없습니다.

SQL> select ename from emp where ename like '2L';

선택된 레코드가 없습니다.

SQL> select ename from emp where ename like '%2L';

선택된 레코드가 없습니다.

SQL> select ename from emp where ename like '_%L';

선택된 레코드가 없습니다.

SQL> select ename from emp where ename like '_L%';

ENAME                                                                                                                   
----------                                                                                                              
ALLEN                                                                                                                   
BLAKE                                                                                                                   
CLARK                                                                                                                   

SQL> select ename from emp where ename like '%L%L%';

ENAME                                                                                                                   
----------                                                                                                              
ALLEN                                                                                                                   
MILLER                                                                                                                  

SQL> select ename from emp where is not null sal order by sal desc;
select ename from emp where is not null sal order by sal desc
                            *
1행에 오류:
ORA-00936: 누락된 표현식 


SQL> select ename from emp where not is null sal order by sal desc;
select ename from emp where not is null sal order by sal desc
                                *
1행에 오류:
ORA-00936: 누락된 표현식 


SQL> select ename from emp where sal is not null order by sal desc;

ENAME                                                                                                                   
----------                                                                                                              
KING                                                                                                                    
FORD                                                                                                                    
SCOTT                                                                                                                   
JONES                                                                                                                   
BLAKE                                                                                                                   
CLARK                                                                                                                   
ALLEN                                                                                                                   
TURNER                                                                                                                  
MILLER                                                                                                                  
WARD                                                                                                                    
MARTIN                                                                                                                  

ENAME                                                                                                                   
----------                                                                                                              
ADAMS                                                                                                                   
JAMES                                                                                                                   
SMITH                                                                                                                   

14 개의 행이 선택되었습니다.

SQL> select * from emp;

     EMPNO ENAME      JOB              MGR HIREDATE        SAL       COMM     DEPTNO                                    
---------- ---------- --------- ---------- -------- ---------- ---------- ----------                                    
       101 홍동우                          21/06/11                                                                     
      7369 SMITH      CLERK           7902 80/12/17        800                    20                                    
      7499 ALLEN      SALESMAN        7698 81/02/20       1600        300         30                                    
      7521 WARD       SALESMAN        7698 81/02/22       1250        500         30                                    
      7566 JONES      MANAGER         7839 81/04/02       2975                    20                                    
      7654 MARTIN     SALESMAN        7698 81/09/28       1250       1400         30                                    
      7698 BLAKE      MANAGER         7839 81/05/01       2850                    30                                    
      7782 CLARK      MANAGER         7839 81/06/09       2450                    10                                    
      7788 SCOTT      ANALYST         7566 87/04/19       3000                    20                                    
      7839 KING       PRESIDENT            81/11/17       5000                    10                                    
      7844 TURNER     SALESMAN        7698 81/09/08       1500          0         30                                    

     EMPNO ENAME      JOB              MGR HIREDATE        SAL       COMM     DEPTNO                                    
---------- ---------- --------- ---------- -------- ---------- ---------- ----------                                    
      7876 ADAMS      CLERK           7788 87/05/23       1100                    20                                    
      7900 JAMES      CLERK           7698 81/12/03        950                    30                                    
      7902 FORD       ANALYST         7566 81/12/03       3000                    20                                    
      7934 MILLER     CLERK           7782 82/01/23       1300                    10                                    

15 개의 행이 선택되었습니다.

SQL> select * from emp order by sal desc;

     EMPNO ENAME      JOB              MGR HIREDATE        SAL       COMM     DEPTNO                                    
---------- ---------- --------- ---------- -------- ---------- ---------- ----------                                    
       101 홍동우                          21/06/11                                                                     
      7839 KING       PRESIDENT            81/11/17       5000                    10                                    
      7902 FORD       ANALYST         7566 81/12/03       3000                    20                                    
      7788 SCOTT      ANALYST         7566 87/04/19       3000                    20                                    
      7566 JONES      MANAGER         7839 81/04/02       2975                    20                                    
      7698 BLAKE      MANAGER         7839 81/05/01       2850                    30                                    
      7782 CLARK      MANAGER         7839 81/06/09       2450                    10                                    
      7499 ALLEN      SALESMAN        7698 81/02/20       1600        300         30                                    
      7844 TURNER     SALESMAN        7698 81/09/08       1500          0         30                                    
      7934 MILLER     CLERK           7782 82/01/23       1300                    10                                    
      7521 WARD       SALESMAN        7698 81/02/22       1250        500         30                                    

     EMPNO ENAME      JOB              MGR HIREDATE        SAL       COMM     DEPTNO                                    
---------- ---------- --------- ---------- -------- ---------- ---------- ----------                                    
      7654 MARTIN     SALESMAN        7698 81/09/28       1250       1400         30                                    
      7876 ADAMS      CLERK           7788 87/05/23       1100                    20                                    
      7900 JAMES      CLERK           7698 81/12/03        950                    30                                    
      7369 SMITH      CLERK           7902 80/12/17        800                    20                                    

15 개의 행이 선택되었습니다.

SQL> select ename from emp where sal is not null order by sal asc;

ENAME                                                                                                                   
----------                                                                                                              
SMITH                                                                                                                   
JAMES                                                                                                                   
ADAMS                                                                                                                   
WARD                                                                                                                    
MARTIN                                                                                                                  
MILLER                                                                                                                  
TURNER                                                                                                                  
ALLEN                                                                                                                   
CLARK                                                                                                                   
BLAKE                                                                                                                   
JONES                                                                                                                   

ENAME                                                                                                                   
----------                                                                                                              
SCOTT                                                                                                                   
FORD                                                                                                                    
KING                                                                                                                    

14 개의 행이 선택되었습니다.

SQL> select ename from emp where sal is not null order by sal asc;

ENAME                                                                                                                   
----------                                                                                                              
SMITH                                                                                                                   
JAMES                                                                                                                   
ADAMS                                                                                                                   
WARD                                                                                                                    
MARTIN                                                                                                                  
MILLER                                                                                                                  
TURNER                                                                                                                  
ALLEN                                                                                                                   
CLARK                                                                                                                   
BLAKE                                                                                                                   
JONES                                                                                                                   

ENAME                                                                                                                   
----------                                                                                                              
SCOTT                                                                                                                   
FORD                                                                                                                    
KING                                                                                                                    

14 개의 행이 선택되었습니다.

SQL> select * from emp order by sal asc;

     EMPNO ENAME      JOB              MGR HIREDATE        SAL       COMM     DEPTNO                                    
---------- ---------- --------- ---------- -------- ---------- ---------- ----------                                    
      7369 SMITH      CLERK           7902 80/12/17        800                    20                                    
      7900 JAMES      CLERK           7698 81/12/03        950                    30                                    
      7876 ADAMS      CLERK           7788 87/05/23       1100                    20                                    
      7521 WARD       SALESMAN        7698 81/02/22       1250        500         30                                    
      7654 MARTIN     SALESMAN        7698 81/09/28       1250       1400         30                                    
      7934 MILLER     CLERK           7782 82/01/23       1300                    10                                    
      7844 TURNER     SALESMAN        7698 81/09/08       1500          0         30                                    
      7499 ALLEN      SALESMAN        7698 81/02/20       1600        300         30                                    
      7782 CLARK      MANAGER         7839 81/06/09       2450                    10                                    
      7698 BLAKE      MANAGER         7839 81/05/01       2850                    30                                    
      7566 JONES      MANAGER         7839 81/04/02       2975                    20                                    

     EMPNO ENAME      JOB              MGR HIREDATE        SAL       COMM     DEPTNO                                    
---------- ---------- --------- ---------- -------- ---------- ---------- ----------                                    
      7902 FORD       ANALYST         7566 81/12/03       3000                    20                                    
      7788 SCOTT      ANALYST         7566 87/04/19       3000                    20                                    
      7839 KING       PRESIDENT            81/11/17       5000                    10                                    
       101 홍동우                          21/06/11                                                                     

15 개의 행이 선택되었습니다.

SQL> select ename,sal,dept from emp where sal is not null order by 2,3 asc;
select ename,sal,dept from emp where sal is not null order by 2,3 asc
                 *
1행에 오류:
ORA-00904: "DEPT": 부적합한 식별자 


SQL> select ename,sal,deptno from emp where sal is not null order by 2,3 asc;

ENAME             SAL     DEPTNO                                                                                        
---------- ---------- ----------                                                                                        
SMITH             800         20                                                                                        
JAMES             950         30                                                                                        
ADAMS            1100         20                                                                                        
WARD             1250         30                                                                                        
MARTIN           1250         30                                                                                        
MILLER           1300         10                                                                                        
TURNER           1500         30                                                                                        
ALLEN            1600         30                                                                                        
CLARK            2450         10                                                                                        
BLAKE            2850         30                                                                                        
JONES            2975         20                                                                                        

ENAME             SAL     DEPTNO                                                                                        
---------- ---------- ----------                                                                                        
SCOTT            3000         20                                                                                        
FORD             3000         20                                                                                        
KING             5000         10                                                                                        

14 개의 행이 선택되었습니다.

SQL> select ename,deptno,sal from emp where sal is not null order by 2,3 asc;

ENAME          DEPTNO        SAL                                                                                        
---------- ---------- ----------                                                                                        
MILLER             10       1300                                                                                        
CLARK              10       2450                                                                                        
KING               10       5000                                                                                        
SMITH              20        800                                                                                        
ADAMS              20       1100                                                                                        
JONES              20       2975                                                                                        
SCOTT              20       3000                                                                                        
FORD               20       3000                                                                                        
JAMES              30        950                                                                                        
MARTIN             30       1250                                                                                        
WARD               30       1250                                                                                        

ENAME          DEPTNO        SAL                                                                                        
---------- ---------- ----------                                                                                        
TURNER             30       1500                                                                                        
ALLEN              30       1600                                                                                        
BLAKE              30       2850                                                                                        

14 개의 행이 선택되었습니다.

SQL> select ename,deptno,sal from emp where sal is not null order by 2,3 desc;

ENAME          DEPTNO        SAL                                                                                        
---------- ---------- ----------                                                                                        
KING               10       5000                                                                                        
CLARK              10       2450                                                                                        
MILLER             10       1300                                                                                        
SCOTT              20       3000                                                                                        
FORD               20       3000                                                                                        
JONES              20       2975                                                                                        
ADAMS              20       1100                                                                                        
SMITH              20        800                                                                                        
BLAKE              30       2850                                                                                        
ALLEN              30       1600                                                                                        
TURNER             30       1500                                                                                        

ENAME          DEPTNO        SAL                                                                                        
---------- ---------- ----------                                                                                        
MARTIN             30       1250                                                                                        
WARD               30       1250                                                                                        
JAMES              30        950                                                                                        

14 개의 행이 선택되었습니다.

SQL> conn /as sysdba
연결되었습니다.
SQL> create user chw identified by pass default tablespace users;

사용자가 생성되었습니다.

SQL> grant connect. resource to chw;
grant connect. resource to chw
      *
1행에 오류:
ORA-00990: 권한이 부적합합니다 


SQL> grant connect,resource to chw;

권한이 부여되었습니다.

SQL> show user
USER은 "SYS"입니다
SQL> conn chw/pass
연결되었습니다.
SQL> show user
USER은 "CHW"입니다
SQL> conn /as sysdba
연결되었습니다.
SQL> show user
USER은 "SYS"입니다
SQL> conn scott/tiger
연결되었습니다.
SQL> show user
USER은 "SCOTT"입니다
SQL> desc emp
 이름                                                              널?      유형
 ----------------------------------------------------------------- -------- --------------------------------------------
 EMPNO                                                             NOT NULL NUMBER(4)
 ENAME                                                                      VARCHAR2(10)
 JOB                                                                        VARCHAR2(9)
 MGR                                                                        NUMBER(4)
 HIREDATE                                                                   DATE
 SAL                                                                        NUMBER(7,2)
 COMM                                                                       NUMBER(7,2)
 DEPTNO                                                                     NUMBER(2)

SQL> select empno,||ename,||job,||mgr,||hiredate||,sal,||,comm,||deptno from emp;
select empno,||ename,||job,||mgr,||hiredate||,sal,||,comm,||deptno from emp
             *
1행에 오류:
ORA-00936: 누락된 표현식 


SQL> select empno||ename,||job,||mgr,||hiredate||,sal,||,comm,||deptno from emp;
select empno||ename,||job,||mgr,||hiredate||,sal,||,comm,||deptno from emp
                    *
1행에 오류:
ORA-00936: 누락된 표현식 


SQL> select empno||','||ename||','||job||','||mgr||','||hiredate||','sal||','||comm||','||deptno from emp;
select empno||','||ename||','||job||','||mgr||','||hiredate||','sal||','||comm||','||deptno from emp
                                                                   *
1행에 오류:
ORA-00923: FROM 키워드가 필요한 위치에 없습니다. 


SQL> select empno||','||ename||','||job||','||mgr||','||hiredate||','||sal||','||comm||','||deptno from emp;

EMPNO||','||ENAME||','||JOB||','||MGR||','||HIREDATE||','||SAL||','||COMM||','||DEPTNO                                  
------------------------------------------------------------------------------------------------------------------------
101,홍동우,,,21/06/11,,,                                                                                                
7369,SMITH,CLERK,7902,80/12/17,800,,20                                                                                  
7499,ALLEN,SALESMAN,7698,81/02/20,1600,300,30                                                                           
7521,WARD,SALESMAN,7698,81/02/22,1250,500,30                                                                            
7566,JONES,MANAGER,7839,81/04/02,2975,,20                                                                               
7654,MARTIN,SALESMAN,7698,81/09/28,1250,1400,30                                                                         
7698,BLAKE,MANAGER,7839,81/05/01,2850,,30                                                                               
7782,CLARK,MANAGER,7839,81/06/09,2450,,10                                                                               
7788,SCOTT,ANALYST,7566,87/04/19,3000,,20                                                                               
7839,KING,PRESIDENT,,81/11/17,5000,,10                                                                                  
7844,TURNER,SALESMAN,7698,81/09/08,1500,0,30                                                                            

EMPNO||','||ENAME||','||JOB||','||MGR||','||HIREDATE||','||SAL||','||COMM||','||DEPTNO                                  
------------------------------------------------------------------------------------------------------------------------
7876,ADAMS,CLERK,7788,87/05/23,1100,,20                                                                                 
7900,JAMES,CLERK,7698,81/12/03,950,,30                                                                                  
7902,FORD,ANALYST,7566,81/12/03,3000,,20                                                                                
7934,MILLER,CLERK,7782,82/01/23,1300,,10                                                                                

15 개의 행이 선택되었습니다.

SQL> select empno||','||ename||','||job||','||mgr||','||hiredate||','||sal||','||comm||','||deptno THE_OUTPUT from emp;

THE_OUTPUT                                                                                                              
------------------------------------------------------------------------------------------------------------------------
101,홍동우,,,21/06/11,,,                                                                                                
7369,SMITH,CLERK,7902,80/12/17,800,,20                                                                                  
7499,ALLEN,SALESMAN,7698,81/02/20,1600,300,30                                                                           
7521,WARD,SALESMAN,7698,81/02/22,1250,500,30                                                                            
7566,JONES,MANAGER,7839,81/04/02,2975,,20                                                                               
7654,MARTIN,SALESMAN,7698,81/09/28,1250,1400,30                                                                         
7698,BLAKE,MANAGER,7839,81/05/01,2850,,30                                                                               
7782,CLARK,MANAGER,7839,81/06/09,2450,,10                                                                               
7788,SCOTT,ANALYST,7566,87/04/19,3000,,20                                                                               
7839,KING,PRESIDENT,,81/11/17,5000,,10                                                                                  
7844,TURNER,SALESMAN,7698,81/09/08,1500,0,30                                                                            

THE_OUTPUT                                                                                                              
------------------------------------------------------------------------------------------------------------------------
7876,ADAMS,CLERK,7788,87/05/23,1100,,20                                                                                 
7900,JAMES,CLERK,7698,81/12/03,950,,30                                                                                  
7902,FORD,ANALYST,7566,81/12/03,3000,,20                                                                                
7934,MILLER,CLERK,7782,82/01/23,1300,,10                                                                                

15 개의 행이 선택되었습니다.

SQL> select empno||','||ename||','||job||','||mgr||','||hiredate||','||sal||','||comm||','||deptno THE_OUTPUT from emp;

THE_OUTPUT                                                                                                              
------------------------------------------------------------------------------------------------------------------------
101,홍동우,,,21/06/11,,,                                                                                                
7369,SMITH,CLERK,7902,80/12/17,800,,20                                                                                  
7499,ALLEN,SALESMAN,7698,81/02/20,1600,300,30                                                                           
7521,WARD,SALESMAN,7698,81/02/22,1250,500,30                                                                            
7566,JONES,MANAGER,7839,81/04/02,2975,,20                                                                               
7654,MARTIN,SALESMAN,7698,81/09/28,1250,1400,30                                                                         
7698,BLAKE,MANAGER,7839,81/05/01,2850,,30                                                                               
7782,CLARK,MANAGER,7839,81/06/09,2450,,10                                                                               
7788,SCOTT,ANALYST,7566,87/04/19,3000,,20                                                                               
7839,KING,PRESIDENT,,81/11/17,5000,,10                                                                                  
7844,TURNER,SALESMAN,7698,81/09/08,1500,0,30                                                                            

THE_OUTPUT                                                                                                              
------------------------------------------------------------------------------------------------------------------------
7876,ADAMS,CLERK,7788,87/05/23,1100,,20                                                                                 
7900,JAMES,CLERK,7698,81/12/03,950,,30                                                                                  
7902,FORD,ANALYST,7566,81/12/03,3000,,20                                                                                
7934,MILLER,CLERK,7782,82/01/23,1300,,10                                                                                

15 개의 행이 선택되었습니다.

SQL> select ename, sal from emp
  2  `
  3  `
  4  l
  5  d
  6  i
  7  
SQL> l
  1  select ename, sal from emp
  2  `
  3  `
  4  l
  5  d
  6* i
SQL> ;
  1  select ename, sal from emp
  2  `
  3  `
  4  l
  5  d
  6* i
SQL> 
SQL> ;
  1  select ename, sal from emp
  2  `
  3  `
  4  l
  5  d
  6* i
SQL> select ename, sal from emp
  2  select ename, sal from emp
  3  
SQL> ;
  1  select ename, sal from emp
  2* select ename, sal from emp
SQL> ;
  1  select ename, sal from emp
  2* select ename, sal from emp
SQL> select ename, sal from emp
  2  /

ENAME             SAL                                                                                                   
---------- ----------                                                                                                   
홍동우                                                                                                                  
SMITH             800                                                                                                   
ALLEN            1600                                                                                                   
WARD             1250                                                                                                   
JONES            2975                                                                                                   
MARTIN           1250                                                                                                   
BLAKE            2850                                                                                                   
CLARK            2450                                                                                                   
SCOTT            3000                                                                                                   
KING             5000                                                                                                   
TURNER           1500                                                                                                   

ENAME             SAL                                                                                                   
---------- ----------                                                                                                   
ADAMS            1100                                                                                                   
JAMES             950                                                                                                   
FORD             3000                                                                                                   
MILLER           1300                                                                                                   

15 개의 행이 선택되었습니다.

SQL> select ename, sal from emp
  2  where NOT(sal >=1500 and sal <= 2850);

ENAME             SAL                                                                                                   
---------- ----------                                                                                                   
SMITH             800                                                                                                   
WARD             1250                                                                                                   
JONES            2975                                                                                                   
MARTIN           1250                                                                                                   
SCOTT            3000                                                                                                   
KING             5000                                                                                                   
ADAMS            1100                                                                                                   
JAMES             950                                                                                                   
FORD             3000                                                                                                   
MILLER           1300                                                                                                   

10 개의 행이 선택되었습니다.

SQL> select ename from emp where hiredate>='81/02/20' AND hiredate < '81/05/02';

ENAME                                                                                                                   
----------                                                                                                              
ALLEN                                                                                                                   
WARD                                                                                                                    
JONES                                                                                                                   
BLAKE                                                                                                                   

SQL> select ename, sal from emp where (deptno = 10 OR deptno = 30) AND sal>1500;

ENAME             SAL                                                                                                   
---------- ----------                                                                                                   
ALLEN            1600                                                                                                   
BLAKE            2850                                                                                                   
CLARK            2450                                                                                                   
KING             5000                                                                                                   

SQL> select ename, sal from emp where deptno = 10 OR deptno = 30 AND sal>1500;

ENAME             SAL                                                                                                   
---------- ----------                                                                                                   
ALLEN            1600                                                                                                   
BLAKE            2850                                                                                                   
CLARK            2450                                                                                                   
KING             5000                                                                                                   
MILLER           1300                                                                                                   

SQL> select ename, sal, deptno from emp where deptno = 10 OR deptno = 30 AND sal>1500;

ENAME             SAL     DEPTNO                                                                                        
---------- ---------- ----------                                                                                        
ALLEN            1600         30                                                                                        
BLAKE            2850         30                                                                                        
CLARK            2450         10                                                                                        
KING             5000         10                                                                                        
MILLER           1300         10                                                                                        

SQL> select ename, sal from emp where (deptno = 10 OR deptno = 30) AND sal>1500;

ENAME             SAL                                                                                                   
---------- ----------                                                                                                   
ALLEN            1600                                                                                                   
BLAKE            2850                                                                                                   
CLARK            2450                                                                                                   
KING             5000                                                                                                   

SQL> select ename, sal, deptno from emp where (deptno = 10 OR deptno = 30) AND sal>1500;

ENAME             SAL     DEPTNO                                                                                        
---------- ---------- ----------                                                                                        
ALLEN            1600         30                                                                                        
BLAKE            2850         30                                                                                        
CLARK            2450         10                                                                                        
KING             5000         10                                                                                        

SQL> desc emp
 이름                                                              널?      유형
 ----------------------------------------------------------------- -------- --------------------------------------------
 EMPNO                                                             NOT NULL NUMBER(4)
 ENAME                                                                      VARCHAR2(10)
 JOB                                                                        VARCHAR2(9)
 MGR                                                                        NUMBER(4)
 HIREDATE                                                                   DATE
 SAL                                                                        NUMBER(7,2)
 COMM                                                                       NUMBER(7,2)
 DEPTNO                                                                     NUMBER(2)

SQL> select * from emp;

     EMPNO ENAME      JOB              MGR HIREDATE        SAL       COMM     DEPTNO                                    
---------- ---------- --------- ---------- -------- ---------- ---------- ----------                                    
       101 홍동우                          21/06/11                                                                     
      7369 SMITH      CLERK           7902 80/12/17        800                    20                                    
      7499 ALLEN      SALESMAN        7698 81/02/20       1600        300         30                                    
      7521 WARD       SALESMAN        7698 81/02/22       1250        500         30                                    
      7566 JONES      MANAGER         7839 81/04/02       2975                    20                                    
      7654 MARTIN     SALESMAN        7698 81/09/28       1250       1400         30                                    
      7698 BLAKE      MANAGER         7839 81/05/01       2850                    30                                    
      7782 CLARK      MANAGER         7839 81/06/09       2450                    10                                    
      7788 SCOTT      ANALYST         7566 87/04/19       3000                    20                                    
      7839 KING       PRESIDENT            81/11/17       5000                    10                                    
      7844 TURNER     SALESMAN        7698 81/09/08       1500          0         30                                    

     EMPNO ENAME      JOB              MGR HIREDATE        SAL       COMM     DEPTNO                                    
---------- ---------- --------- ---------- -------- ---------- ---------- ----------                                    
      7876 ADAMS      CLERK           7788 87/05/23       1100                    20                                    
      7900 JAMES      CLERK           7698 81/12/03        950                    30                                    
      7902 FORD       ANALYST         7566 81/12/03       3000                    20                                    
      7934 MILLER     CLERK           7782 82/01/23       1300                    10                                    

15 개의 행이 선택되었습니다.

SQL> select ename, sal, deptno from emp where (deptno = 10 OR deptno = 30) , sal>1500;
select ename, sal, deptno from emp where (deptno = 10 OR deptno = 30) , sal>1500
                                                                      *
1행에 오류:
ORA-00933: SQL 명령어가 올바르게 종료되지 않았습니다 


SQL> select ename, sal, deptno from emp where deptno = 10 OR deptno = 30 , sal>1500;
select ename, sal, deptno from emp where deptno = 10 OR deptno = 30 , sal>1500
                                                                    *
1행에 오류:
ORA-00933: SQL 명령어가 올바르게 종료되지 않았습니다 


SQL> select ename, sal, deptno from emp where deptno = 10 OR deptno = 30 AND sal>1500;

ENAME             SAL     DEPTNO                                                                                        
---------- ---------- ----------                                                                                        
ALLEN            1600         30                                                                                        
BLAKE            2850         30                                                                                        
CLARK            2450         10                                                                                        
KING             5000         10                                                                                        
MILLER           1300         10                                                                                        

SQL> select ename, sal, deptno from emp where (deptno = 10 OR deptno = 30) AND sal>1500;

ENAME             SAL     DEPTNO                                                                                        
---------- ---------- ----------                                                                                        
ALLEN            1600         30                                                                                        
BLAKE            2850         30                                                                                        
CLARK            2450         10                                                                                        
KING             5000         10                                                                                        

SQL> select ename from emp where hiredate='82%';
select ename from emp where hiredate='82%'
                                     *
1행에 오류:
ORA-01840: 입력된 값의 길이가 날짜 형식에 비해 부족합니다 


SQL> select ename from emp where hiredate='82/%/%';
select ename from emp where hiredate='82/%/%'
                                     *
1행에 오류:
ORA-01858: 숫자가 있어야 하는 위치에서 숫자가 아닌 문자가 발견되었습니다. 


SQL> select ename from emp where hiredate>='82/01/01' AND hiredate < '82/12/31';

ENAME                                                                                                                   
----------                                                                                                              
MILLER                                                                                                                  

SQL> select ename from emp where hiredate>='82/01/01' AND hiredate < '82/12/31'
  2  ;

ENAME                                                                                                                   
----------                                                                                                              
MILLER                                                                                                                  

SQL> select ename, job, sal from emp where (job = CLREK OR job = ANALYST) AND sal NOT IN(1000,3000,5000);
select ename, job, sal from emp where (job = CLREK OR job = ANALYST) AND sal NOT IN(1000,3000,5000)
                                                            *
1행에 오류:
ORA-00904: "ANALYST": 부적합한 식별자 


SQL> select ename, job, sal from emp where (job = 'CLREK' OR job = 'ANALYST') AND sal NOT IN(1000,3000,5000);

선택된 레코드가 없습니다.

SQL> select ename, job, sal from emp where (job = 'CLREK' OR job = 'ANALYST') AND  NOT IN(1000,3000,5000);
select ename, job, sal from emp where (job = 'CLREK' OR job = 'ANALYST') AND  NOT IN(1000,3000,5000)
                                                                                  *
1행에 오류:
ORA-00936: 누락된 표현식 


SQL> select ename "이름", job "직위", sal "급여" from emp where job in('CLERK','ANALYST') and sal not in(1000,3000,5000);

이름       직위            급여                                                                                         
---------- --------- ----------                                                                                         
SMITH      CLERK            800                                                                                         
ADAMS      CLERK           1100                                                                                         
JAMES      CLERK            950                                                                                         
MILLER     CLERK           1300                                                                                         

SQL> select empno , ename, sal CONVERT(INT,,sal*0.15) NEW_SALARY from emp;
select empno , ename, sal CONVERT(INT,,sal*0.15) NEW_SALARY from emp
                                 *
1행에 오류:
ORA-00923: FROM 키워드가 필요한 위치에 없습니다. 


SQL> select empno , ename, sal CONVERT(INT,sal*0.15) NEW_SALARY from emp;
select empno , ename, sal CONVERT(INT,sal*0.15) NEW_SALARY from emp
                                 *
1행에 오류:
ORA-00923: FROM 키워드가 필요한 위치에 없습니다. 


SQL> select empno , ename, to_sal*0.15 NEW_SALARY from emp;
select empno , ename, to_sal*0.15 NEW_SALARY from emp
                      *
1행에 오류:
ORA-00904: "TO_SAL": 부적합한 식별자 


SQL> select empno , ename, to_number(,sal*0.15) NEW_SALARY from emp
  2  ;
select empno , ename, to_number(,sal*0.15) NEW_SALARY from emp
                                *
1행에 오류:
ORA-00936: 누락된 표현식 


SQL> select empno , ename, to_number(sal*0.15) NEW_SALARY from emp;

     EMPNO ENAME      NEW_SALARY                                                                                        
---------- ---------- ----------                                                                                        
       101 홍동우                                                                                                       
      7369 SMITH             120                                                                                        
      7499 ALLEN             240                                                                                        
      7521 WARD            187.5                                                                                        
      7566 JONES          446.25                                                                                        
      7654 MARTIN          187.5                                                                                        
      7698 BLAKE           427.5                                                                                        
      7782 CLARK           367.5                                                                                        
      7788 SCOTT             450                                                                                        
      7839 KING              750                                                                                        
      7844 TURNER            225                                                                                        

     EMPNO ENAME      NEW_SALARY                                                                                        
---------- ---------- ----------                                                                                        
      7876 ADAMS             165                                                                                        
      7900 JAMES           142.5                                                                                        
      7902 FORD              450                                                                                        
      7934 MILLER            195                                                                                        

15 개의 행이 선택되었습니다.

SQL> select empno , ename, round(sal*0.15, 0) NEW_SALARY from emp;

     EMPNO ENAME      NEW_SALARY                                                                                        
---------- ---------- ----------                                                                                        
       101 홍동우                                                                                                       
      7369 SMITH             120                                                                                        
      7499 ALLEN             240                                                                                        
      7521 WARD              188                                                                                        
      7566 JONES             446                                                                                        
      7654 MARTIN            188                                                                                        
      7698 BLAKE             428                                                                                        
      7782 CLARK             368                                                                                        
      7788 SCOTT             450                                                                                        
      7839 KING              750                                                                                        
      7844 TURNER            225                                                                                        

     EMPNO ENAME      NEW_SALARY                                                                                        
---------- ---------- ----------                                                                                        
      7876 ADAMS             165                                                                                        
      7900 JAMES             143                                                                                        
      7902 FORD              450                                                                                        
      7934 MILLER            195                                                                                        

15 개의 행이 선택되었습니다.

SQL> select empno , ename, round(sal*1.15, 0) NEW_SALARY from emp;

     EMPNO ENAME      NEW_SALARY                                                                                        
---------- ---------- ----------                                                                                        
       101 홍동우                                                                                                       
      7369 SMITH             920                                                                                        
      7499 ALLEN            1840                                                                                        
      7521 WARD             1438                                                                                        
      7566 JONES            3421                                                                                        
      7654 MARTIN           1438                                                                                        
      7698 BLAKE            3278                                                                                        
      7782 CLARK            2818                                                                                        
      7788 SCOTT            3450                                                                                        
      7839 KING             5750                                                                                        
      7844 TURNER           1725                                                                                        

     EMPNO ENAME      NEW_SALARY                                                                                        
---------- ---------- ----------                                                                                        
      7876 ADAMS            1265                                                                                        
      7900 JAMES            1093                                                                                        
      7902 FORD             3450                                                                                        
      7934 MILLER           1495                                                                                        

15 개의 행이 선택되었습니다.

SQL> alter table emp add INCREASE  NUMBER(5);

테이블이 변경되었습니다.

SQL> show emp
SP2-0158: 알 수 없는 SHOW 옵션 "emp"
SQL> show emp;
SP2-0158: 알 수 없는 SHOW 옵션 "emp"
SQL> select * from emp;

     EMPNO ENAME      JOB              MGR HIREDATE        SAL       COMM     DEPTNO   INCREASE                         
---------- ---------- --------- ---------- -------- ---------- ---------- ---------- ----------                         
       101 홍동우                          21/06/11                                                                     
      7369 SMITH      CLERK           7902 80/12/17        800                    20                                    
      7499 ALLEN      SALESMAN        7698 81/02/20       1600        300         30                                    
      7521 WARD       SALESMAN        7698 81/02/22       1250        500         30                                    
      7566 JONES      MANAGER         7839 81/04/02       2975                    20                                    
      7654 MARTIN     SALESMAN        7698 81/09/28       1250       1400         30                                    
      7698 BLAKE      MANAGER         7839 81/05/01       2850                    30                                    
      7782 CLARK      MANAGER         7839 81/06/09       2450                    10                                    
      7788 SCOTT      ANALYST         7566 87/04/19       3000                    20                                    
      7839 KING       PRESIDENT            81/11/17       5000                    10                                    
      7844 TURNER     SALESMAN        7698 81/09/08       1500          0         30                                    

     EMPNO ENAME      JOB              MGR HIREDATE        SAL       COMM     DEPTNO   INCREASE                         
---------- ---------- --------- ---------- -------- ---------- ---------- ---------- ----------                         
      7876 ADAMS      CLERK           7788 87/05/23       1100                    20                                    
      7900 JAMES      CLERK           7698 81/12/03        950                    30                                    
      7902 FORD       ANALYST         7566 81/12/03       3000                    20                                    
      7934 MILLER     CLERK           7782 82/01/23       1300                    10                                    

15 개의 행이 선택되었습니다.

SQL> select empno , ename, round(sal*1.15, 0),3 NEW_SALARY from emp;

     EMPNO ENAME      ROUND(SAL*1.15,0) NEW_SALARY                                                                      
---------- ---------- ----------------- ----------                                                                      
       101 홍동우                                3                                                                      
      7369 SMITH                    920          3                                                                      
      7499 ALLEN                   1840          3                                                                      
      7521 WARD                    1438          3                                                                      
      7566 JONES                   3421          3                                                                      
      7654 MARTIN                  1438          3                                                                      
      7698 BLAKE                   3278          3                                                                      
      7782 CLARK                   2818          3                                                                      
      7788 SCOTT                   3450          3                                                                      
      7839 KING                    5750          3                                                                      
      7844 TURNER                  1725          3                                                                      

     EMPNO ENAME      ROUND(SAL*1.15,0) NEW_SALARY                                                                      
---------- ---------- ----------------- ----------                                                                      
      7876 ADAMS                   1265          3                                                                      
      7900 JAMES                   1093          3                                                                      
      7902 FORD                    3450          3                                                                      
      7934 MILLER                  1495          3                                                                      

15 개의 행이 선택되었습니다.

SQL>  select empno , ename, round(sal*1.15, 0) as NEW_SALARY from emp;

     EMPNO ENAME      NEW_SALARY                                                                                        
---------- ---------- ----------                                                                                        
       101 홍동우                                                                                                       
      7369 SMITH             920                                                                                        
      7499 ALLEN            1840                                                                                        
      7521 WARD             1438                                                                                        
      7566 JONES            3421                                                                                        
      7654 MARTIN           1438                                                                                        
      7698 BLAKE            3278                                                                                        
      7782 CLARK            2818                                                                                        
      7788 SCOTT            3450                                                                                        
      7839 KING             5750                                                                                        
      7844 TURNER           1725                                                                                        

     EMPNO ENAME      NEW_SALARY                                                                                        
---------- ---------- ----------                                                                                        
      7876 ADAMS            1265                                                                                        
      7900 JAMES            1093                                                                                        
      7902 FORD             3450                                                                                        
      7934 MILLER           1495                                                                                        

15 개의 행이 선택되었습니다.

SQL>  select empno , ename, round(sal*1.15, 0) as NEW_SALARY, 3 from emp;

     EMPNO ENAME      NEW_SALARY          3                                                                             
---------- ---------- ---------- ----------                                                                             
       101 홍동우                         3                                                                             
      7369 SMITH             920          3                                                                             
      7499 ALLEN            1840          3                                                                             
      7521 WARD             1438          3                                                                             
      7566 JONES            3421          3                                                                             
      7654 MARTIN           1438          3                                                                             
      7698 BLAKE            3278          3                                                                             
      7782 CLARK            2818          3                                                                             
      7788 SCOTT            3450          3                                                                             
      7839 KING             5750          3                                                                             
      7844 TURNER           1725          3                                                                             

     EMPNO ENAME      NEW_SALARY          3                                                                             
---------- ---------- ---------- ----------                                                                             
      7876 ADAMS            1265          3                                                                             
      7900 JAMES            1093          3                                                                             
      7902 FORD             3450          3                                                                             
      7934 MILLER           1495          3                                                                             

15 개의 행이 선택되었습니다.

SQL>  select empno , ename, round(sal*1.15, 0) as NEW_SALARY, increase from emp;

     EMPNO ENAME      NEW_SALARY   INCREASE                                                                             
---------- ---------- ---------- ----------                                                                             
       101 홍동우                                                                                                       
      7369 SMITH             920                                                                                        
      7499 ALLEN            1840                                                                                        
      7521 WARD             1438                                                                                        
      7566 JONES            3421                                                                                        
      7654 MARTIN           1438                                                                                        
      7698 BLAKE            3278                                                                                        
      7782 CLARK            2818                                                                                        
      7788 SCOTT            3450                                                                                        
      7839 KING             5750                                                                                        
      7844 TURNER           1725                                                                                        

     EMPNO ENAME      NEW_SALARY   INCREASE                                                                             
---------- ---------- ---------- ----------                                                                             
      7876 ADAMS            1265                                                                                        
      7900 JAMES            1093                                                                                        
      7902 FORD             3450                                                                                        
      7934 MILLER           1495                                                                                        

15 개의 행이 선택되었습니다.

SQL>  select empno , ename, round(sal*1.15, 0) as NEW_SALARY, increase(0) from emp;
 select empno , ename, round(sal*1.15, 0) as NEW_SALARY, increase(0) from emp
                                                         *
1행에 오류:
ORA-00904: "INCREASE": 부적합한 식별자 


SQL>  select empno , ename, round(sal*1.15, 0) as NEW_SALARY, round(sal*0.15) "increase" from emp;

     EMPNO ENAME      NEW_SALARY   increase                                                                             
---------- ---------- ---------- ----------                                                                             
       101 홍동우                                                                                                       
      7369 SMITH             920        120                                                                             
      7499 ALLEN            1840        240                                                                             
      7521 WARD             1438        188                                                                             
      7566 JONES            3421        446                                                                             
      7654 MARTIN           1438        188                                                                             
      7698 BLAKE            3278        428                                                                             
      7782 CLARK            2818        368                                                                             
      7788 SCOTT            3450        450                                                                             
      7839 KING             5750        750                                                                             
      7844 TURNER           1725        225                                                                             

     EMPNO ENAME      NEW_SALARY   increase                                                                             
---------- ---------- ---------- ----------                                                                             
      7876 ADAMS            1265        165                                                                             
      7900 JAMES            1093        143                                                                             
      7902 FORD             3450        450                                                                             
      7934 MILLER           1495        195                                                                             

15 개의 행이 선택되었습니다.

SQL>  select empno , ename, round(sal*1.15, 0) as NEW_SALARY, round(sal*0.15) "increase" from emp;

     EMPNO ENAME      NEW_SALARY   increase                                                                             
---------- ---------- ---------- ----------                                                                             
       101 홍동우                                                                                                       
      7369 SMITH             920        120                                                                             
      7499 ALLEN            1840        240                                                                             
      7521 WARD             1438        188                                                                             
      7566 JONES            3421        446                                                                             
      7654 MARTIN           1438        188                                                                             
      7698 BLAKE            3278        428                                                                             
      7782 CLARK            2818        368                                                                             
      7788 SCOTT            3450        450                                                                             
      7839 KING             5750        750                                                                             
      7844 TURNER           1725        225                                                                             

     EMPNO ENAME      NEW_SALARY   increase                                                                             
---------- ---------- ---------- ----------                                                                             
      7876 ADAMS            1265        165                                                                             
      7900 JAMES            1093        143                                                                             
      7902 FORD             3450        450                                                                             
      7934 MILLER           1495        195                                                                             

15 개의 행이 선택되었습니다.

SQL>  select empno , ename, round(sal*1.15, 0) as NEW_SALARY, round(sal*0.15) as increase from emp;

     EMPNO ENAME      NEW_SALARY   INCREASE                                                                             
---------- ---------- ---------- ----------                                                                             
       101 홍동우                                                                                                       
      7369 SMITH             920        120                                                                             
      7499 ALLEN            1840        240                                                                             
      7521 WARD             1438        188                                                                             
      7566 JONES            3421        446                                                                             
      7654 MARTIN           1438        188                                                                             
      7698 BLAKE            3278        428                                                                             
      7782 CLARK            2818        368                                                                             
      7788 SCOTT            3450        450                                                                             
      7839 KING             5750        750                                                                             
      7844 TURNER           1725        225                                                                             

     EMPNO ENAME      NEW_SALARY   INCREASE                                                                             
---------- ---------- ---------- ----------                                                                             
      7876 ADAMS            1265        165                                                                             
      7900 JAMES            1093        143                                                                             
      7902 FORD             3450        450                                                                             
      7934 MILLER           1495        195                                                                             

15 개의 행이 선택되었습니다.

SQL> select* from emp;

     EMPNO ENAME      JOB              MGR HIREDATE        SAL       COMM     DEPTNO   INCREASE                         
---------- ---------- --------- ---------- -------- ---------- ---------- ---------- ----------                         
       101 홍동우                          21/06/11                                                                     
      7369 SMITH      CLERK           7902 80/12/17        800                    20                                    
      7499 ALLEN      SALESMAN        7698 81/02/20       1600        300         30                                    
      7521 WARD       SALESMAN        7698 81/02/22       1250        500         30                                    
      7566 JONES      MANAGER         7839 81/04/02       2975                    20                                    
      7654 MARTIN     SALESMAN        7698 81/09/28       1250       1400         30                                    
      7698 BLAKE      MANAGER         7839 81/05/01       2850                    30                                    
      7782 CLARK      MANAGER         7839 81/06/09       2450                    10                                    
      7788 SCOTT      ANALYST         7566 87/04/19       3000                    20                                    
      7839 KING       PRESIDENT            81/11/17       5000                    10                                    
      7844 TURNER     SALESMAN        7698 81/09/08       1500          0         30                                    

     EMPNO ENAME      JOB              MGR HIREDATE        SAL       COMM     DEPTNO   INCREASE                         
---------- ---------- --------- ---------- -------- ---------- ---------- ---------- ----------                         
      7876 ADAMS      CLERK           7788 87/05/23       1100                    20                                    
      7900 JAMES      CLERK           7698 81/12/03        950                    30                                    
      7902 FORD       ANALYST         7566 81/12/03       3000                    20                                    
      7934 MILLER     CLERK           7782 82/01/23       1300                    10                                    

15 개의 행이 선택되었습니다.

SQL> select ename,SUM(comm),nvl(comm,'No Commision') from emp;
select ename,SUM(comm),nvl(comm,'No Commision') from emp
       *
1행에 오류:
ORA-00937: 단일 그룹의 그룹 함수가 아닙니다 


SQL> select ename,sum(comm),nvl(comm,'No Commision') from emp;
select ename,sum(comm),nvl(comm,'No Commision') from emp
       *
1행에 오류:
ORA-00937: 단일 그룹의 그룹 함수가 아닙니다 


SQL> select ename,sum(COMM),nvl(comm,'No Commision') from emp;
select ename,sum(COMM),nvl(comm,'No Commision') from emp
       *
1행에 오류:
ORA-00937: 단일 그룹의 그룹 함수가 아닙니다 


SQL> select ename, total(COMM),nvl(comm,'No Commision') from emp;
select ename, total(COMM),nvl(comm,'No Commision') from emp
              *
1행에 오류:
ORA-00904: "TOTAL": 부적합한 식별자 


SQL> select ename,sum(COMM),nvl(comm,'No Commision') from emp;
select ename,sum(COMM),nvl(comm,'No Commision') from emp
       *
1행에 오류:
ORA-00937: 단일 그룹의 그룹 함수가 아닙니다 


SQL> select ename, sal + comm from emp;

ENAME        SAL+COMM                                                                                                   
---------- ----------                                                                                                   
홍동우                                                                                                                  
SMITH                                                                                                                   
ALLEN            1900                                                                                                   
WARD             1750                                                                                                   
JONES                                                                                                                   
MARTIN           2650                                                                                                   
BLAKE                                                                                                                   
CLARK                                                                                                                   
SCOTT                                                                                                                   
KING                                                                                                                    
TURNER           1500                                                                                                   

ENAME        SAL+COMM                                                                                                   
---------- ----------                                                                                                   
ADAMS                                                                                                                   
JAMES                                                                                                                   
FORD                                                                                                                    
MILLER                                                                                                                  

15 개의 행이 선택되었습니다.

SQL> select ename, sal from emp;

ENAME             SAL                                                                                                   
---------- ----------                                                                                                   
홍동우                                                                                                                  
SMITH             800                                                                                                   
ALLEN            1600                                                                                                   
WARD             1250                                                                                                   
JONES            2975                                                                                                   
MARTIN           1250                                                                                                   
BLAKE            2850                                                                                                   
CLARK            2450                                                                                                   
SCOTT            3000                                                                                                   
KING             5000                                                                                                   
TURNER           1500                                                                                                   

ENAME             SAL                                                                                                   
---------- ----------                                                                                                   
ADAMS            1100                                                                                                   
JAMES             950                                                                                                   
FORD             3000                                                                                                   
MILLER           1300                                                                                                   

15 개의 행이 선택되었습니다.

SQL> select ename, sal, comm from emp;

ENAME             SAL       COMM                                                                                        
---------- ---------- ----------                                                                                        
홍동우                                                                                                                  
SMITH             800                                                                                                   
ALLEN            1600        300                                                                                        
WARD             1250        500                                                                                        
JONES            2975                                                                                                   
MARTIN           1250       1400                                                                                        
BLAKE            2850                                                                                                   
CLARK            2450                                                                                                   
SCOTT            3000                                                                                                   
KING             5000                                                                                                   
TURNER           1500          0                                                                                        

ENAME             SAL       COMM                                                                                        
---------- ---------- ----------                                                                                        
ADAMS            1100                                                                                                   
JAMES             950                                                                                                   
FORD             3000                                                                                                   
MILLER           1300                                                                                                   

15 개의 행이 선택되었습니다.

SQL> select ename, sal, comm, sal + comm from emp;

ENAME             SAL       COMM   SAL+COMM                                                                             
---------- ---------- ---------- ----------                                                                             
홍동우                                                                                                                  
SMITH             800                                                                                                   
ALLEN            1600        300       1900                                                                             
WARD             1250        500       1750                                                                             
JONES            2975                                                                                                   
MARTIN           1250       1400       2650                                                                             
BLAKE            2850                                                                                                   
CLARK            2450                                                                                                   
SCOTT            3000                                                                                                   
KING             5000                                                                                                   
TURNER           1500          0       1500                                                                             

ENAME             SAL       COMM   SAL+COMM                                                                             
---------- ---------- ---------- ----------                                                                             
ADAMS            1100                                                                                                   
JAMES             950                                                                                                   
FORD             3000                                                                                                   
MILLER           1300                                                                                                   

15 개의 행이 선택되었습니다.

SQL> select ename,nvl2(comm,sal+comm ,'No Commision') from emp;
select ename,nvl2(comm,sal+comm ,'No Commision') from emp
                                 *
1행에 오류:
ORA-01722: 수치가 부적합합니다 


SQL> select ename,nvl2(comm,sal+comm ,to_number('No Commision')) from emp;
select ename,nvl2(comm,sal+comm ,to_number('No Commision')) from emp
                                           *
1행에 오류:
ORA-01722: 수치가 부적합합니다 


SQL> select ename,nvl2(comm,sal+comm ,to_number('No Commision') from emp;
select ename,nvl2(comm,sal+comm ,to_number('No Commision') from emp
                                                           *
1행에 오류:
ORA-00907: 누락된 우괄호 


SQL> select ename,nvl2(comm,sal+comm ,to_number('No Commision')) from emp;
select ename,nvl2(comm,sal+comm ,to_number('No Commision')) from emp
                                           *
1행에 오류:
ORA-01722: 수치가 부적합합니다 


SQL> select ename,nvl2(comm, to_char(sal+comm) ,'No Commision') from emp;

ENAME      NVL2(COMM,TO_CHAR(SAL+COMM),'NOCOMMISION                                                                     
---------- ----------------------------------------                                                                     
홍동우     No Commision                                                                                                 
SMITH      No Commision                                                                                                 
ALLEN      1900                                                                                                         
WARD       1750                                                                                                         
JONES      No Commision                                                                                                 
MARTIN     2650                                                                                                         
BLAKE      No Commision                                                                                                 
CLARK      No Commision                                                                                                 
SCOTT      No Commision                                                                                                 
KING       No Commision                                                                                                 
TURNER     1500                                                                                                         

ENAME      NVL2(COMM,TO_CHAR(SAL+COMM),'NOCOMMISION                                                                     
---------- ----------------------------------------                                                                     
ADAMS      No Commision                                                                                                 
JAMES      No Commision                                                                                                 
FORD       No Commision                                                                                                 
MILLER     No Commision                                                                                                 

15 개의 행이 선택되었습니다.

SQL> select ename,nvl2(comm, to_char(sal+comm) ,'No Commision') as COMM  from emp;

ENAME      COMM                                                                                                         
---------- ----------------------------------------                                                                     
홍동우     No Commision                                                                                                 
SMITH      No Commision                                                                                                 
ALLEN      1900                                                                                                         
WARD       1750                                                                                                         
JONES      No Commision                                                                                                 
MARTIN     2650                                                                                                         
BLAKE      No Commision                                                                                                 
CLARK      No Commision                                                                                                 
SCOTT      No Commision                                                                                                 
KING       No Commision                                                                                                 
TURNER     1500                                                                                                         

ENAME      COMM                                                                                                         
---------- ----------------------------------------                                                                     
ADAMS      No Commision                                                                                                 
JAMES      No Commision                                                                                                 
FORD       No Commision                                                                                                 
MILLER     No Commision                                                                                                 

15 개의 행이 선택되었습니다.

SQL> select ename,nvl2(comm, to_char(sal+comm) ,'No Commision') as COMM  from emp;

ENAME      COMM                                                                                                         
---------- ----------------------------------------                                                                     
홍동우     No Commision                                                                                                 
SMITH      No Commision                                                                                                 
ALLEN      1900                                                                                                         
WARD       1750                                                                                                         
JONES      No Commision                                                                                                 
MARTIN     2650                                                                                                         
BLAKE      No Commision                                                                                                 
CLARK      No Commision                                                                                                 
SCOTT      No Commision                                                                                                 
KING       No Commision                                                                                                 
TURNER     1500                                                                                                         

ENAME      COMM                                                                                                         
---------- ----------------------------------------                                                                     
ADAMS      No Commision                                                                                                 
JAMES      No Commision                                                                                                 
FORD       No Commision                                                                                                 
MILLER     No Commision                                                                                                 

15 개의 행이 선택되었습니다.

SQL>  select empno||','||ename||','||job||','||mgr||','||hiredate||','||sal||','||comm||','||deptno THE_OUTPUT
  2  from emp;

THE_OUTPUT                                                                                                              
------------------------------------------------------------------------------------------------------------------------
101,홍동우,,,21/06/11,,,                                                                                                
7369,SMITH,CLERK,7902,80/12/17,800,,20                                                                                  
7499,ALLEN,SALESMAN,7698,81/02/20,1600,300,30                                                                           
7521,WARD,SALESMAN,7698,81/02/22,1250,500,30                                                                            
7566,JONES,MANAGER,7839,81/04/02,2975,,20                                                                               
7654,MARTIN,SALESMAN,7698,81/09/28,1250,1400,30                                                                         
7698,BLAKE,MANAGER,7839,81/05/01,2850,,30                                                                               
7782,CLARK,MANAGER,7839,81/06/09,2450,,10                                                                               
7788,SCOTT,ANALYST,7566,87/04/19,3000,,20                                                                               
7839,KING,PRESIDENT,,81/11/17,5000,,10                                                                                  
7844,TURNER,SALESMAN,7698,81/09/08,1500,0,30                                                                            

THE_OUTPUT                                                                                                              
------------------------------------------------------------------------------------------------------------------------
7876,ADAMS,CLERK,7788,87/05/23,1100,,20                                                                                 
7900,JAMES,CLERK,7698,81/12/03,950,,30                                                                                  
7902,FORD,ANALYST,7566,81/12/03,3000,,20                                                                                
7934,MILLER,CLERK,7782,82/01/23,1300,,10                                                                                

15 개의 행이 선택되었습니다.

SQL> select ename, sal from emp
  2   where sal <1500 or sal > 2850;

ENAME             SAL                                                                                                   
---------- ----------                                                                                                   
SMITH             800                                                                                                   
WARD             1250                                                                                                   
JONES            2975                                                                                                   
MARTIN           1250                                                                                                   
SCOTT            3000                                                                                                   
KING             5000                                                                                                   
ADAMS            1100                                                                                                   
JAMES             950                                                                                                   
FORD             3000                                                                                                   
MILLER           1300                                                                                                   

10 개의 행이 선택되었습니다.

SQL>  select empno||','||ename||','||job||','||mgr||','||hiredate||','||sal||','||nvl(comm,0)||','||deptno THE_OUTPUT
  2  from emp;

THE_OUTPUT                                                                                                              
------------------------------------------------------------------------------------------------------------------------
101,홍동우,,,21/06/11,,0,                                                                                               
7369,SMITH,CLERK,7902,80/12/17,800,0,20                                                                                 
7499,ALLEN,SALESMAN,7698,81/02/20,1600,300,30                                                                           
7521,WARD,SALESMAN,7698,81/02/22,1250,500,30                                                                            
7566,JONES,MANAGER,7839,81/04/02,2975,0,20                                                                              
7654,MARTIN,SALESMAN,7698,81/09/28,1250,1400,30                                                                         
7698,BLAKE,MANAGER,7839,81/05/01,2850,0,30                                                                              
7782,CLARK,MANAGER,7839,81/06/09,2450,0,10                                                                              
7788,SCOTT,ANALYST,7566,87/04/19,3000,0,20                                                                              
7839,KING,PRESIDENT,,81/11/17,5000,0,10                                                                                 
7844,TURNER,SALESMAN,7698,81/09/08,1500,0,30                                                                            

THE_OUTPUT                                                                                                              
------------------------------------------------------------------------------------------------------------------------
7876,ADAMS,CLERK,7788,87/05/23,1100,0,20                                                                                
7900,JAMES,CLERK,7698,81/12/03,950,0,30                                                                                 
7902,FORD,ANALYST,7566,81/12/03,3000,0,20                                                                               
7934,MILLER,CLERK,7782,82/01/23,1300,0,10                                                                               

15 개의 행이 선택되었습니다.

SQL> select ename, sal from emp
  2   where sal >1500 OR sal < 2850;

ENAME             SAL                                                                                                   
---------- ----------                                                                                                   
SMITH             800                                                                                                   
ALLEN            1600                                                                                                   
WARD             1250                                                                                                   
JONES            2975                                                                                                   
MARTIN           1250                                                                                                   
BLAKE            2850                                                                                                   
CLARK            2450                                                                                                   
SCOTT            3000                                                                                                   
KING             5000                                                                                                   
TURNER           1500                                                                                                   
ADAMS            1100                                                                                                   

ENAME             SAL                                                                                                   
---------- ----------                                                                                                   
JAMES             950                                                                                                   
FORD             3000                                                                                                   
MILLER           1300                                                                                                   

14 개의 행이 선택되었습니다.

SQL> ;
  1  select ename, sal from emp
  2*  where sal >1500 OR sal < 2850
SQL> select ename, sal from emp
  2   where sal <1500 OR sal > 2850;

ENAME             SAL                                                                                                   
---------- ----------                                                                                                   
SMITH             800                                                                                                   
WARD             1250                                                                                                   
JONES            2975                                                                                                   
MARTIN           1250                                                                                                   
SCOTT            3000                                                                                                   
KING             5000                                                                                                   
ADAMS            1100                                                                                                   
JAMES             950                                                                                                   
FORD             3000                                                                                                   
MILLER           1300                                                                                                   

10 개의 행이 선택되었습니다.

SQL> select ename, sal from emp
  2   where sal <1500 AND sal > 2850;

선택된 레코드가 없습니다.

SQL>  where sal <1500 or sal > 2850;
SP2-0734: "where sal ..."(으)로 시작되는 알 수 없는 명령 - 나머지 줄은 무시되었습니다.
SQL>  where sal <1500 AND sal > 2850;
SP2-0734: "where sal ..."(으)로 시작되는 알 수 없는 명령 - 나머지 줄은 무시되었습니다.
SQL> 
SQL> 
SQL> select ename, sal from emp
  2   where sal <1500 OR sal > 2850;

ENAME             SAL                                                                                                   
---------- ----------                                                                                                   
SMITH             800                                                                                                   
WARD             1250                                                                                                   
JONES            2975                                                                                                   
MARTIN           1250                                                                                                   
SCOTT            3000                                                                                                   
KING             5000                                                                                                   
ADAMS            1100                                                                                                   
JAMES             950                                                                                                   
FORD             3000                                                                                                   
MILLER           1300                                                                                                   

10 개의 행이 선택되었습니다.

SQL> select ename, job, hiredate from emp where hiredate>='81/02/20' AND hiredate < '81/05/02';

ENAME      JOB       HIREDATE                                                                                           
---------- --------- --------                                                                                           
ALLEN      SALESMAN  81/02/20                                                                                           
WARD       SALESMAN  81/02/22                                                                                           
JONES      MANAGER   81/04/02                                                                                           
BLAKE      MANAGER   81/05/01                                                                                           

SQL> select ename "이름", sal "급여" from emp where (deptno =10 or deptno =30) and sal >=1500;

이름             급여                                                                                                   
---------- ----------                                                                                                   
ALLEN            1600                                                                                                   
BLAKE            2850                                                                                                   
CLARK            2450                                                                                                   
KING             5000                                                                                                   
TURNER           1500                                                                                                   

SQL> select ename "이름", sal "급여" from emp where (deptno =10 or deptno =30) and sal >1500;

이름             급여                                                                                                   
---------- ----------                                                                                                   
ALLEN            1600                                                                                                   
BLAKE            2850                                                                                                   
CLARK            2450                                                                                                   
KING             5000                                                                                                   

SQL> select* from emp;

     EMPNO ENAME      JOB              MGR HIREDATE        SAL       COMM     DEPTNO   INCREASE                         
---------- ---------- --------- ---------- -------- ---------- ---------- ---------- ----------                         
       101 홍동우                          21/06/11                                                                     
      7369 SMITH      CLERK           7902 80/12/17        800                    20                                    
      7499 ALLEN      SALESMAN        7698 81/02/20       1600        300         30                                    
      7521 WARD       SALESMAN        7698 81/02/22       1250        500         30                                    
      7566 JONES      MANAGER         7839 81/04/02       2975                    20                                    
      7654 MARTIN     SALESMAN        7698 81/09/28       1250       1400         30                                    
      7698 BLAKE      MANAGER         7839 81/05/01       2850                    30                                    
      7782 CLARK      MANAGER         7839 81/06/09       2450                    10                                    
      7788 SCOTT      ANALYST         7566 87/04/19       3000                    20                                    
      7839 KING       PRESIDENT            81/11/17       5000                    10                                    
      7844 TURNER     SALESMAN        7698 81/09/08       1500          0         30                                    

     EMPNO ENAME      JOB              MGR HIREDATE        SAL       COMM     DEPTNO   INCREASE                         
---------- ---------- --------- ---------- -------- ---------- ---------- ---------- ----------                         
      7876 ADAMS      CLERK           7788 87/05/23       1100                    20                                    
      7900 JAMES      CLERK           7698 81/12/03        950                    30                                    
      7902 FORD       ANALYST         7566 81/12/03       3000                    20                                    
      7934 MILLER     CLERK           7782 82/01/23       1300                    10                                    

15 개의 행이 선택되었습니다.

SQL>  select ename from emp where hiredate>='82/01/01' AND hiredate <='82/12/31';

ENAME                                                                                                                   
----------                                                                                                              
MILLER                                                                                                                  

SQL> select ename, job, hiredate from emp where hiredate>='81/02/20' AND hiredate < '81/05/02'
  2  
SQL> order by 3, desc;
SP2-0734: "order by 3..."(으)로 시작되는 알 수 없는 명령 - 나머지 줄은 무시되었습니다.
SQL>  select ename, job, hiredate from emp where hiredate>='81/02/20' AND hiredate < '81/05/02'
  2  
SQL> order by 3 desc;
SP2-0734: "order by 3..."(으)로 시작되는 알 수 없는 명령 - 나머지 줄은 무시되었습니다.
SQL> select ename, job, hiredate from emp where hiredate>='81/02/20' AND hiredate < '81/05/02'
  2  
SQL> order by hiredate  desc;
SP2-0734: "order by h..."(으)로 시작되는 알 수 없는 명령 - 나머지 줄은 무시되었습니다.
SQL> 
SQL> 
SQL> ;
  1* select ename, job, hiredate from emp where hiredate>='81/02/20' AND hiredate < '81/05/02'
SQL> 
SQL> 
SQL> select ename, job, hiredate from emp where hiredate>='81/02/20' AND hiredate < '81/05/02'
  2  
SQL> order by hiredate  desc;
SP2-0734: "order by h..."(으)로 시작되는 알 수 없는 명령 - 나머지 줄은 무시되었습니다.
SQL> select ename, job, hiredate from emp where hiredate>='81/02/20' AND hiredate < '81/05/02'
  2  
SQL> order by hiredate;
SP2-0734: "order by h..."(으)로 시작되는 알 수 없는 명령 - 나머지 줄은 무시되었습니다.
SQL>  select ename, job, hiredate from emp where hiredate>='81/02/20' AND hiredate < '81/05/02'
  2  order by 3;

ENAME      JOB       HIREDATE                                                                                           
---------- --------- --------                                                                                           
ALLEN      SALESMAN  81/02/20                                                                                           
WARD       SALESMAN  81/02/22                                                                                           
JONES      MANAGER   81/04/02                                                                                           
BLAKE      MANAGER   81/05/01                                                                                           

SQL>  select ename, job, hiredate from emp where hiredate>='81/02/20' AND hiredate < '81/05/02'
  2  order by 3 ASC;

ENAME      JOB       HIREDATE                                                                                           
---------- --------- --------                                                                                           
ALLEN      SALESMAN  81/02/20                                                                                           
WARD       SALESMAN  81/02/22                                                                                           
JONES      MANAGER   81/04/02                                                                                           
BLAKE      MANAGER   81/05/01                                                                                           

SQL> select ename , sal  from emp where (deptno =10 or deptno =30) AND sal >1500;

ENAME             SAL                                                                                                   
---------- ----------                                                                                                   
ALLEN            1600                                                                                                   
BLAKE            2850                                                                                                   
CLARK            2450                                                                                                   
KING             5000                                                                                                   

SQL>  select ename from emp where hiredate>='82/01/01' AND hiredate <='82/12/31';

ENAME                                                                                                                   
----------                                                                                                              
MILLER                                                                                                                  

SQL> select ename "이름 " from emp where (instr(ename,'L',1,2)>0) and (deptno =30 or mgr =7782);

이름                                                                                                                    
----------                                                                                                              
ALLEN                                                                                                                   
MILLER                                                                                                                  

SQL> select ename  from emp where (instr(ename,'L',1,2)>0) AND (deptno =30 OR mgr =7782);

ENAME                                                                                                                   
----------                                                                                                              
ALLEN                                                                                                                   
MILLER                                                                                                                  

SQL> select ename  from emp where (instr(ename,'L',1,2)>0) AND (deptno =30 OR mgr =7782);

ENAME                                                                                                                   
----------                                                                                                              
ALLEN                                                                                                                   
MILLER                                                                                                                  

SQL> select ename  job , sal  from emp where job in('CLERK','ANALYST') AND sal not in(1000,3000,5000);

JOB               SAL                                                                                                   
---------- ----------                                                                                                   
SMITH             800                                                                                                   
ADAMS            1100                                                                                                   
JAMES             950                                                                                                   
MILLER           1300                                                                                                   

SQL>  select empno , ename, round(sal*1.15, 0) as "NEW SALARY" from emp;

     EMPNO ENAME      NEW SALARY                                                                                        
---------- ---------- ----------                                                                                        
       101 홍동우                                                                                                       
      7369 SMITH             920                                                                                        
      7499 ALLEN            1840                                                                                        
      7521 WARD             1438                                                                                        
      7566 JONES            3421                                                                                        
      7654 MARTIN           1438                                                                                        
      7698 BLAKE            3278                                                                                        
      7782 CLARK            2818                                                                                        
      7788 SCOTT            3450                                                                                        
      7839 KING             5750                                                                                        
      7844 TURNER           1725                                                                                        

     EMPNO ENAME      NEW SALARY                                                                                        
---------- ---------- ----------                                                                                        
      7876 ADAMS            1265                                                                                        
      7900 JAMES            1093                                                                                        
      7902 FORD             3450                                                                                        
      7934 MILLER           1495                                                                                        

15 개의 행이 선택되었습니다.

SQL> select ename  job , sal  from emp where job in('CLERK','ANALYST') AND sal not in(1000,3000,5000);

JOB               SAL                                                                                                   
---------- ----------                                                                                                   
SMITH             800                                                                                                   
ADAMS            1100                                                                                                   
JAMES             950                                                                                                   
MILLER           1300                                                                                                   

SQL> select ename , job , sal  from emp where job in('CLERK','ANALYST') AND sal not in(1000,3000,5000);

ENAME      JOB              SAL                                                                                         
---------- --------- ----------                                                                                         
SMITH      CLERK            800                                                                                         
ADAMS      CLERK           1100                                                                                         
JAMES      CLERK            950                                                                                         
MILLER     CLERK           1300                                                                                         

SQL> 
